mode: set
nps-reciept-service/internal/config/redis.go:14.29,18.2 1 0
nps-reciept-service/internal/config/redis.go:20.37,22.2 1 0
nps-reciept-service/cmd/server/main.go:12.13,17.12 2 0
nps-reciept-service/cmd/server/main.go:17.12,23.3 5 0
nps-reciept-service/cmd/server/main.go:26.2,26.39 1 0
nps-reciept-service/cmd/server/main.go:26.39,29.3 2 0
nps-reciept-service/common/claim_error_response.go:16.39,18.2 1 0
nps-reciept-service/common/claim_error_response.go:30.60,32.13 2 0
nps-reciept-service/common/claim_error_response.go:32.13,35.3 2 0
nps-reciept-service/common/claim_error_response.go:37.2,46.24 4 0
nps-reciept-service/common/claim_error_response.go:46.24,48.3 1 0
nps-reciept-service/common/claim_error_response.go:50.2,50.50 1 0
nps-reciept-service/internal/grpc/server.go:22.42,27.2 1 0
nps-reciept-service/internal/grpc/server.go:30.36,33.16 2 0
nps-reciept-service/internal/grpc/server.go:33.16,35.3 1 0
nps-reciept-service/internal/grpc/server.go:38.2,54.44 7 0
nps-reciept-service/internal/grpc/server.go:54.44,56.3 1 0
nps-reciept-service/internal/grpc/server.go:58.2,58.12 1 0
nps-reciept-service/internal/grpc/server.go:62.29,63.21 1 0
nps-reciept-service/internal/grpc/server.go:63.21,66.3 2 0
nps-reciept-service/proto/claim_service.pb.go:33.32,38.2 4 0
nps-reciept-service/proto/claim_service.pb.go:40.40,42.2 1 0
nps-reciept-service/proto/claim_service.pb.go:44.38,44.39 0 0
nps-reciept-service/proto/claim_service.pb.go:46.60,48.14 2 0
nps-reciept-service/proto/claim_service.pb.go:48.14,50.34 2 0
nps-reciept-service/proto/claim_service.pb.go:50.34,52.4 1 0
nps-reciept-service/proto/claim_service.pb.go:53.3,53.12 1 0
nps-reciept-service/proto/claim_service.pb.go:55.2,55.24 1 0
nps-reciept-service/proto/claim_service.pb.go:59.51,61.2 1 0
nps-reciept-service/proto/claim_service.pb.go:63.41,64.14 1 0
nps-reciept-service/proto/claim_service.pb.go:64.14,66.3 1 0
nps-reciept-service/proto/claim_service.pb.go:67.2,67.11 1 0
nps-reciept-service/proto/claim_service.pb.go:70.48,71.14 1 0
nps-reciept-service/proto/claim_service.pb.go:71.14,73.3 1 0
nps-reciept-service/proto/claim_service.pb.go:74.2,74.11 1 0
nps-reciept-service/proto/claim_service.pb.go:77.52,78.14 1 0
nps-reciept-service/proto/claim_service.pb.go:78.14,80.3 1 0
nps-reciept-service/proto/claim_service.pb.go:81.2,81.11 1 0
nps-reciept-service/proto/claim_service.pb.go:91.29,96.2 4 0
nps-reciept-service/proto/claim_service.pb.go:98.37,100.2 1 0
nps-reciept-service/proto/claim_service.pb.go:102.35,102.36 0 0
nps-reciept-service/proto/claim_service.pb.go:104.57,106.14 2 0
nps-reciept-service/proto/claim_service.pb.go:106.14,108.34 2 0
nps-reciept-service/proto/claim_service.pb.go:108.34,110.4 1 0
nps-reciept-service/proto/claim_service.pb.go:111.3,111.12 1 0
nps-reciept-service/proto/claim_service.pb.go:113.2,113.24 1 0
nps-reciept-service/proto/claim_service.pb.go:117.48,119.2 1 0
nps-reciept-service/proto/claim_service.pb.go:121.41,122.14 1 0
nps-reciept-service/proto/claim_service.pb.go:122.14,124.3 1 0
nps-reciept-service/proto/claim_service.pb.go:125.2,125.11 1 0
nps-reciept-service/proto/claim_service.pb.go:137.33,142.2 4 0
nps-reciept-service/proto/claim_service.pb.go:144.41,146.2 1 0
nps-reciept-service/proto/claim_service.pb.go:148.39,148.40 0 0
nps-reciept-service/proto/claim_service.pb.go:150.61,152.14 2 0
nps-reciept-service/proto/claim_service.pb.go:152.14,154.34 2 0
nps-reciept-service/proto/claim_service.pb.go:154.34,156.4 1 0
nps-reciept-service/proto/claim_service.pb.go:157.3,157.12 1 0
nps-reciept-service/proto/claim_service.pb.go:159.2,159.24 1 0
nps-reciept-service/proto/claim_service.pb.go:163.52,165.2 1 0
nps-reciept-service/proto/claim_service.pb.go:167.44,168.14 1 0
nps-reciept-service/proto/claim_service.pb.go:168.14,170.3 1 0
nps-reciept-service/proto/claim_service.pb.go:171.2,171.11 1 0
nps-reciept-service/proto/claim_service.pb.go:174.45,175.14 1 0
nps-reciept-service/proto/claim_service.pb.go:175.14,177.3 1 0
nps-reciept-service/proto/claim_service.pb.go:178.2,178.11 1 0
nps-reciept-service/proto/claim_service.pb.go:181.46,182.14 1 0
nps-reciept-service/proto/claim_service.pb.go:182.14,184.3 1 0
nps-reciept-service/proto/claim_service.pb.go:185.2,185.12 1 0
nps-reciept-service/proto/claim_service.pb.go:211.58,212.55 1 0
nps-reciept-service/proto/claim_service.pb.go:212.55,214.3 1 0
nps-reciept-service/proto/claim_service.pb.go:215.2,215.51 1 0
nps-reciept-service/proto/claim_service.pb.go:235.13,235.54 1 0
nps-reciept-service/proto/claim_service.pb.go:236.44,237.43 1 0
nps-reciept-service/proto/claim_service.pb.go:237.43,239.3 1 0
nps-reciept-service/proto/claim_service.pb.go:240.2,256.46 5 0
nps-reciept-service/proto/claim_service_grpc.pb.go:36.76,38.2 1 0
nps-reciept-service/proto/claim_service_grpc.pb.go:40.131,44.16 4 0
nps-reciept-service/proto/claim_service_grpc.pb.go:44.16,46.3 1 0
nps-reciept-service/proto/claim_service_grpc.pb.go:47.2,47.17 1 0
nps-reciept-service/proto/claim_service_grpc.pb.go:65.109,67.2 1 0
nps-reciept-service/proto/claim_service_grpc.pb.go:68.84,68.85 0 0
nps-reciept-service/proto/claim_service_grpc.pb.go:69.84,69.85 0 0
nps-reciept-service/proto/claim_service_grpc.pb.go:78.82,83.59 1 0
nps-reciept-service/proto/claim_service_grpc.pb.go:83.59,85.3 1 0
nps-reciept-service/proto/claim_service_grpc.pb.go:86.2,86.51 1 0
nps-reciept-service/proto/claim_service_grpc.pb.go:89.170,91.32 2 0
nps-reciept-service/proto/claim_service_grpc.pb.go:91.32,93.3 1 0
nps-reciept-service/proto/claim_service_grpc.pb.go:94.2,94.24 1 0
nps-reciept-service/proto/claim_service_grpc.pb.go:94.24,96.3 1 0
nps-reciept-service/proto/claim_service_grpc.pb.go:97.2,101.77 2 0
nps-reciept-service/proto/claim_service_grpc.pb.go:101.77,103.3 1 0
nps-reciept-service/proto/claim_service_grpc.pb.go:104.2,104.44 1 0
nps-reciept-service/internal/utils/bootstrap/bootstrap.go:15.49,17.40 1 0
nps-reciept-service/internal/utils/bootstrap/bootstrap.go:17.40,19.3 1 0
nps-reciept-service/internal/utils/bootstrap/bootstrap.go:22.2,23.21 2 0
nps-reciept-service/internal/utils/bootstrap/bootstrap.go:23.21,25.3 1 0
nps-reciept-service/internal/utils/bootstrap/bootstrap.go:26.2,30.20 3 0
nps-reciept-service/internal/utils/bootstrap/bootstrap.go:30.20,32.3 1 0
nps-reciept-service/internal/utils/bootstrap/bootstrap.go:33.2,34.16 2 0
nps-reciept-service/internal/utils/bootstrap/bootstrap.go:34.16,36.3 1 0
nps-reciept-service/internal/utils/bootstrap/bootstrap.go:38.2,38.43 1 0
nps-reciept-service/proto/nps-reciept-service/proto/claim_service.pb.go:33.32,38.2 4 0
nps-reciept-service/proto/nps-reciept-service/proto/claim_service.pb.go:40.40,42.2 1 0
nps-reciept-service/proto/nps-reciept-service/proto/claim_service.pb.go:44.38,44.39 0 0
nps-reciept-service/proto/nps-reciept-service/proto/claim_service.pb.go:46.60,48.14 2 0
nps-reciept-service/proto/nps-reciept-service/proto/claim_service.pb.go:48.14,50.34 2 0
nps-reciept-service/proto/nps-reciept-service/proto/claim_service.pb.go:50.34,52.4 1 0
nps-reciept-service/proto/nps-reciept-service/proto/claim_service.pb.go:53.3,53.12 1 0
nps-reciept-service/proto/nps-reciept-service/proto/claim_service.pb.go:55.2,55.24 1 0
nps-reciept-service/proto/nps-reciept-service/proto/claim_service.pb.go:59.51,61.2 1 0
nps-reciept-service/proto/nps-reciept-service/proto/claim_service.pb.go:63.41,64.14 1 0
nps-reciept-service/proto/nps-reciept-service/proto/claim_service.pb.go:64.14,66.3 1 0
nps-reciept-service/proto/nps-reciept-service/proto/claim_service.pb.go:67.2,67.11 1 0
nps-reciept-service/proto/nps-reciept-service/proto/claim_service.pb.go:70.48,71.14 1 0
nps-reciept-service/proto/nps-reciept-service/proto/claim_service.pb.go:71.14,73.3 1 0
nps-reciept-service/proto/nps-reciept-service/proto/claim_service.pb.go:74.2,74.11 1 0
nps-reciept-service/proto/nps-reciept-service/proto/claim_service.pb.go:77.52,78.14 1 0
nps-reciept-service/proto/nps-reciept-service/proto/claim_service.pb.go:78.14,80.3 1 0
nps-reciept-service/proto/nps-reciept-service/proto/claim_service.pb.go:81.2,81.11 1 0
nps-reciept-service/proto/nps-reciept-service/proto/claim_service.pb.go:91.29,96.2 4 0
nps-reciept-service/proto/nps-reciept-service/proto/claim_service.pb.go:98.37,100.2 1 0
nps-reciept-service/proto/nps-reciept-service/proto/claim_service.pb.go:102.35,102.36 0 0
nps-reciept-service/proto/nps-reciept-service/proto/claim_service.pb.go:104.57,106.14 2 0
nps-reciept-service/proto/nps-reciept-service/proto/claim_service.pb.go:106.14,108.34 2 0
nps-reciept-service/proto/nps-reciept-service/proto/claim_service.pb.go:108.34,110.4 1 0
nps-reciept-service/proto/nps-reciept-service/proto/claim_service.pb.go:111.3,111.12 1 0
nps-reciept-service/proto/nps-reciept-service/proto/claim_service.pb.go:113.2,113.24 1 0
nps-reciept-service/proto/nps-reciept-service/proto/claim_service.pb.go:117.48,119.2 1 0
nps-reciept-service/proto/nps-reciept-service/proto/claim_service.pb.go:121.41,122.14 1 0
nps-reciept-service/proto/nps-reciept-service/proto/claim_service.pb.go:122.14,124.3 1 0
nps-reciept-service/proto/nps-reciept-service/proto/claim_service.pb.go:125.2,125.11 1 0
nps-reciept-service/proto/nps-reciept-service/proto/claim_service.pb.go:136.38,141.2 4 0
nps-reciept-service/proto/nps-reciept-service/proto/claim_service.pb.go:143.46,145.2 1 0
nps-reciept-service/proto/nps-reciept-service/proto/claim_service.pb.go:147.44,147.45 0 0
nps-reciept-service/proto/nps-reciept-service/proto/claim_service.pb.go:149.66,151.14 2 0
nps-reciept-service/proto/nps-reciept-service/proto/claim_service.pb.go:151.14,153.34 2 0
nps-reciept-service/proto/nps-reciept-service/proto/claim_service.pb.go:153.34,155.4 1 0
nps-reciept-service/proto/nps-reciept-service/proto/claim_service.pb.go:156.3,156.12 1 0
nps-reciept-service/proto/nps-reciept-service/proto/claim_service.pb.go:158.2,158.24 1 0
nps-reciept-service/proto/nps-reciept-service/proto/claim_service.pb.go:162.57,164.2 1 0
nps-reciept-service/proto/nps-reciept-service/proto/claim_service.pb.go:166.52,167.14 1 0
nps-reciept-service/proto/nps-reciept-service/proto/claim_service.pb.go:167.14,169.3 1 0
nps-reciept-service/proto/nps-reciept-service/proto/claim_service.pb.go:170.2,170.11 1 0
nps-reciept-service/proto/nps-reciept-service/proto/claim_service.pb.go:173.55,174.14 1 0
nps-reciept-service/proto/nps-reciept-service/proto/claim_service.pb.go:174.14,176.3 1 0
nps-reciept-service/proto/nps-reciept-service/proto/claim_service.pb.go:177.2,177.11 1 0
nps-reciept-service/proto/nps-reciept-service/proto/claim_service.pb.go:189.33,194.2 4 0
nps-reciept-service/proto/nps-reciept-service/proto/claim_service.pb.go:196.41,198.2 1 0
nps-reciept-service/proto/nps-reciept-service/proto/claim_service.pb.go:200.39,200.40 0 0
nps-reciept-service/proto/nps-reciept-service/proto/claim_service.pb.go:202.61,204.14 2 0
nps-reciept-service/proto/nps-reciept-service/proto/claim_service.pb.go:204.14,206.34 2 0
nps-reciept-service/proto/nps-reciept-service/proto/claim_service.pb.go:206.34,208.4 1 0
nps-reciept-service/proto/nps-reciept-service/proto/claim_service.pb.go:209.3,209.12 1 0
nps-reciept-service/proto/nps-reciept-service/proto/claim_service.pb.go:211.2,211.24 1 0
nps-reciept-service/proto/nps-reciept-service/proto/claim_service.pb.go:215.52,217.2 1 0
nps-reciept-service/proto/nps-reciept-service/proto/claim_service.pb.go:219.44,220.14 1 0
nps-reciept-service/proto/nps-reciept-service/proto/claim_service.pb.go:220.14,222.3 1 0
nps-reciept-service/proto/nps-reciept-service/proto/claim_service.pb.go:223.2,223.11 1 0
nps-reciept-service/proto/nps-reciept-service/proto/claim_service.pb.go:226.45,227.14 1 0
nps-reciept-service/proto/nps-reciept-service/proto/claim_service.pb.go:227.14,229.3 1 0
nps-reciept-service/proto/nps-reciept-service/proto/claim_service.pb.go:230.2,230.11 1 0
nps-reciept-service/proto/nps-reciept-service/proto/claim_service.pb.go:233.46,234.14 1 0
nps-reciept-service/proto/nps-reciept-service/proto/claim_service.pb.go:234.14,236.3 1 0
nps-reciept-service/proto/nps-reciept-service/proto/claim_service.pb.go:237.2,237.12 1 0
nps-reciept-service/proto/nps-reciept-service/proto/claim_service.pb.go:267.52,268.49 1 0
nps-reciept-service/proto/nps-reciept-service/proto/claim_service.pb.go:268.49,270.3 1 0
nps-reciept-service/proto/nps-reciept-service/proto/claim_service.pb.go:271.2,271.45 1 0
nps-reciept-service/proto/nps-reciept-service/proto/claim_service.pb.go:292.13,292.48 1 0
nps-reciept-service/proto/nps-reciept-service/proto/claim_service.pb.go:293.38,294.37 1 0
nps-reciept-service/proto/nps-reciept-service/proto/claim_service.pb.go:294.37,296.3 1 0
nps-reciept-service/proto/nps-reciept-service/proto/claim_service.pb.go:297.2,313.40 5 0
nps-reciept-service/proto/nps-reciept-service/proto/claim_service_grpc.pb.go:36.76,38.2 1 0
nps-reciept-service/proto/nps-reciept-service/proto/claim_service_grpc.pb.go:40.131,44.16 4 0
nps-reciept-service/proto/nps-reciept-service/proto/claim_service_grpc.pb.go:44.16,46.3 1 0
nps-reciept-service/proto/nps-reciept-service/proto/claim_service_grpc.pb.go:47.2,47.17 1 0
nps-reciept-service/proto/nps-reciept-service/proto/claim_service_grpc.pb.go:65.109,67.2 1 0
nps-reciept-service/proto/nps-reciept-service/proto/claim_service_grpc.pb.go:68.84,68.85 0 0
nps-reciept-service/proto/nps-reciept-service/proto/claim_service_grpc.pb.go:69.84,69.85 0 0
nps-reciept-service/proto/nps-reciept-service/proto/claim_service_grpc.pb.go:78.82,83.59 1 0
nps-reciept-service/proto/nps-reciept-service/proto/claim_service_grpc.pb.go:83.59,85.3 1 0
nps-reciept-service/proto/nps-reciept-service/proto/claim_service_grpc.pb.go:86.2,86.51 1 0
nps-reciept-service/proto/nps-reciept-service/proto/claim_service_grpc.pb.go:89.170,91.32 2 0
nps-reciept-service/proto/nps-reciept-service/proto/claim_service_grpc.pb.go:91.32,93.3 1 0
nps-reciept-service/proto/nps-reciept-service/proto/claim_service_grpc.pb.go:94.2,94.24 1 0
nps-reciept-service/proto/nps-reciept-service/proto/claim_service_grpc.pb.go:94.24,96.3 1 0
nps-reciept-service/proto/nps-reciept-service/proto/claim_service_grpc.pb.go:97.2,101.77 2 0
nps-reciept-service/proto/nps-reciept-service/proto/claim_service_grpc.pb.go:101.77,103.3 1 0
nps-reciept-service/proto/nps-reciept-service/proto/claim_service_grpc.pb.go:104.2,104.44 1 0
nps-reciept-service/internal/utils/claim_utils_logs.go:13.19,19.25 4 0
nps-reciept-service/internal/utils/claim_utils_logs.go:19.25,23.3 1 0
nps-reciept-service/internal/utils/claim_utils_logs.go:23.8,27.3 1 0
nps-reciept-service/internal/utils/claim_utils_logs.go:30.2,30.49 1 0
nps-reciept-service/internal/utils/claim_utils_logs.go:31.15,32.34 1 0
nps-reciept-service/internal/utils/claim_utils_logs.go:33.14,34.33 1 0
nps-reciept-service/internal/utils/claim_utils_logs.go:35.15,36.34 1 0
nps-reciept-service/internal/utils/claim_utils_logs.go:37.10,38.33 1 0
nps-reciept-service/internal/utils/claim_utils_logs.go:43.61,46.2 2 0
nps-reciept-service/internal/utils/claim_utils_logs.go:49.73,51.16 2 0
nps-reciept-service/internal/utils/claim_utils_logs.go:51.16,53.3 1 0
nps-reciept-service/internal/utils/claim_utils_logs.go:54.2,54.22 1 0
nps-reciept-service/internal/utils/claim_utils_logs.go:58.64,61.2 2 0
nps-reciept-service/internal/utils/claim_utils_logs.go:64.62,67.2 2 0
nps-reciept-service/internal/utils/claim_utils_logs.go:69.41,71.2 1 0
nps-reciept-service/internal/utils/claim_utils_response.go:17.88,23.2 1 0
nps-reciept-service/internal/utils/claim_utils_response.go:40.36,42.2 1 0
nps-reciept-service/internal/middleware/claim_middleware.go:12.68,18.25 1 1
nps-reciept-service/internal/middleware/claim_middleware.go:18.25,20.10 2 1
nps-reciept-service/internal/middleware/claim_middleware.go:20.10,22.4 1 1
nps-reciept-service/internal/middleware/claim_middleware.go:24.3,24.26 1 1
nps-reciept-service/internal/middleware/claim_middleware.go:24.26,26.4 1 1
nps-reciept-service/internal/middleware/claim_middleware.go:27.3,27.33 1 1
nps-reciept-service/internal/middleware/claim_middleware.go:27.33,29.4 1 1
nps-reciept-service/internal/middleware/claim_middleware.go:30.3,30.37 1 1
nps-reciept-service/internal/middleware/claim_middleware.go:30.37,32.4 1 1
nps-reciept-service/internal/middleware/claim_middleware.go:35.3,35.27 1 1
nps-reciept-service/internal/services/claim_services.go:23.54,27.2 1 1
nps-reciept-service/internal/services/claim_services.go:29.106,31.25 1 1
nps-reciept-service/internal/services/claim_services.go:31.25,36.3 2 1
nps-reciept-service/internal/services/claim_services.go:39.2,40.16 2 1
nps-reciept-service/internal/services/claim_services.go:40.16,45.3 2 1
nps-reciept-service/internal/services/claim_services.go:47.2,59.16 7 1
nps-reciept-service/internal/services/claim_services.go:59.16,64.3 2 1
nps-reciept-service/internal/services/claim_services.go:67.2,67.19 1 1
nps-reciept-service/internal/services/claim_services.go:67.19,70.17 3 1
nps-reciept-service/internal/services/claim_services.go:70.17,75.4 1 1
nps-reciept-service/internal/services/claim_services.go:78.2,89.8 3 1
nps-reciept-service/internal/services/claim_services.go:92.39,94.2 1 1
