mode: set
Document-Processing/internal/grpc/server.go:24.34,35.2 3 0
Document-Processing/internal/grpc/server.go:37.32,43.16 4 0
Document-Processing/internal/grpc/server.go:43.16,45.3 1 0
Document-Processing/internal/grpc/server.go:48.2,48.12 1 0
Document-Processing/internal/grpc/server.go:48.12,54.3 5 0
Document-Processing/internal/grpc/server.go:56.2,59.48 2 0
Document-Processing/internal/grpc/server.go:59.48,61.3 1 0
Document-Processing/internal/grpc/server.go:63.2,63.12 1 0
Document-Processing/internal/grpc/server.go:66.25,67.25 1 0
Document-Processing/internal/grpc/server.go:67.25,70.3 2 0
Document-Processing/internal/grpc/server.go:73.127,80.2 2 0
Document-Processing/internal/config/config.go:51.44,53.2 1 0
Document-Processing/internal/config/config.go:56.36,60.9 4 0
Document-Processing/internal/config/config.go:61.38,61.38 0 0
Document-Processing/internal/config/config.go:62.10,62.10 0 0
Document-Processing/internal/config/config.go:68.33,72.2 3 0
Document-Processing/internal/config/config.go:75.66,76.33 1 0
Document-Processing/internal/config/config.go:76.33,79.3 2 0
Document-Processing/internal/config/config.go:81.2,82.69 2 0
Document-Processing/internal/config/config.go:82.69,85.3 2 0
Document-Processing/internal/config/config.go:88.2,88.57 1 0
Document-Processing/internal/config/config.go:88.57,91.3 2 0
Document-Processing/internal/config/config.go:94.2,95.16 2 0
Document-Processing/internal/config/config.go:95.16,98.3 2 0
Document-Processing/internal/config/config.go:101.2,104.87 3 0
Document-Processing/internal/config/config.go:108.65,113.16 5 0
Document-Processing/internal/config/config.go:113.16,115.3 1 0
Document-Processing/internal/config/config.go:116.2,119.16 3 0
Document-Processing/internal/config/config.go:119.16,121.3 1 0
Document-Processing/internal/config/config.go:122.2,125.16 3 0
Document-Processing/internal/config/config.go:125.16,127.3 1 0
Document-Processing/internal/config/config.go:129.2,130.58 2 0
Document-Processing/internal/config/config.go:130.58,132.3 1 0
Document-Processing/internal/config/config.go:134.2,134.29 1 0
Document-Processing/internal/config/config.go:138.57,154.35 2 0
Document-Processing/internal/config/config.go:154.35,155.22 1 0
Document-Processing/internal/config/config.go:155.22,157.4 1 0
Document-Processing/internal/config/config.go:161.2,163.29 3 0
Document-Processing/internal/config/config.go:163.29,165.3 1 0
Document-Processing/internal/config/config.go:167.2,179.8 1 0
Document-Processing/cmd/server/main.go:18.61,20.16 2 0
Document-Processing/cmd/server/main.go:20.16,22.3 1 0
Document-Processing/cmd/server/main.go:25.2,25.12 1 0
Document-Processing/cmd/server/main.go:25.12,26.50 1 0
Document-Processing/cmd/server/main.go:26.50,28.4 1 0
Document-Processing/cmd/server/main.go:31.2,31.23 1 0
Document-Processing/cmd/server/main.go:34.13,36.16 2 0
Document-Processing/cmd/server/main.go:36.16,38.3 1 0
Document-Processing/cmd/server/main.go:41.2,44.16 3 0
Document-Processing/cmd/server/main.go:44.16,46.3 1 0
Document-Processing/cmd/server/main.go:48.2,49.16 2 0
Document-Processing/cmd/server/main.go:49.16,51.3 1 0
Document-Processing/cmd/server/main.go:54.2,58.16 3 0
Document-Processing/cmd/server/main.go:58.16,60.3 1 0
Document-Processing/cmd/server/main.go:63.2,64.12 2 0
Document-Processing/cmd/server/main.go:64.12,65.59 1 0
Document-Processing/cmd/server/main.go:65.59,67.4 1 0
Document-Processing/cmd/server/main.go:71.2,77.6 4 0
Document-Processing/cmd/server/main.go:77.6,78.10 1 0
Document-Processing/cmd/server/main.go:79.18,81.44 2 0
Document-Processing/cmd/server/main.go:81.44,83.5 1 0
Document-Processing/cmd/server/main.go:84.4,85.10 2 0
Document-Processing/cmd/server/main.go:87.27,92.21 3 0
Document-Processing/cmd/server/main.go:92.21,94.13 2 0
Document-Processing/cmd/server/main.go:98.4,98.44 1 0
Document-Processing/cmd/server/main.go:98.44,100.5 1 0
Document-Processing/cmd/server/main.go:103.4,104.18 2 0
Document-Processing/cmd/server/main.go:104.18,106.13 2 0
Document-Processing/cmd/server/main.go:109.4,110.58 2 0
Document-Processing/internal/di/container.go:22.59,30.16 2 0
Document-Processing/internal/di/container.go:30.16,32.3 1 0
Document-Processing/internal/di/container.go:34.2,35.16 2 0
Document-Processing/internal/di/container.go:35.16,37.3 1 0
Document-Processing/internal/di/container.go:40.2,44.16 3 0
Document-Processing/internal/di/container.go:44.16,46.3 1 0
Document-Processing/internal/di/container.go:49.2,66.8 6 0
Document-Processing/internal/di/container.go:70.35,71.74 1 0
Document-Processing/internal/di/container.go:71.74,72.67 1 0
Document-Processing/internal/di/container.go:72.67,74.4 1 0
Document-Processing/internal/di/container.go:76.2,76.12 1 0
Document-Processing/pkg/yugabytedb/yugabyte_init.go:13.105,24.16 3 0
Document-Processing/pkg/yugabytedb/yugabyte_init.go:24.16,26.3 1 0
Document-Processing/pkg/yugabytedb/yugabyte_init.go:28.2,28.63 1 0
Document-Processing/pkg/yugabytedb/yugabyte_init.go:28.63,30.3 1 0
Document-Processing/pkg/yugabytedb/yugabyte_init.go:32.2,33.16 2 0
Document-Processing/pkg/yugabytedb/yugabyte_init.go:36.42,37.42 1 0
Document-Processing/pkg/yugabytedb/yugabyte_init.go:37.42,39.3 1 0
Document-Processing/pkg/yugabytedb/yugabyte_init.go:40.2,40.17 1 0
Document-Processing/proto/service.pb.go:46.86,50.2 3 0
Document-Processing/proto/service.pb.go:52.60,54.2 1 0
Document-Processing/proto/service.pb.go:56.83,58.2 1 0
Document-Processing/proto/service.pb.go:60.71,62.2 1 0
Document-Processing/proto/service.pb.go:64.77,66.2 1 0
Document-Processing/proto/service.pb.go:69.75,71.2 1 0
Document-Processing/proto/service.pb.go:81.38,86.2 4 0
Document-Processing/proto/service.pb.go:88.46,90.2 1 0
Document-Processing/proto/service.pb.go:92.44,92.45 0 0
Document-Processing/proto/service.pb.go:94.66,96.14 2 0
Document-Processing/proto/service.pb.go:96.14,98.34 2 0
Document-Processing/proto/service.pb.go:98.34,100.4 1 0
Document-Processing/proto/service.pb.go:101.3,101.12 1 0
Document-Processing/proto/service.pb.go:103.2,103.24 1 0
Document-Processing/proto/service.pb.go:107.57,109.2 1 0
Document-Processing/proto/service.pb.go:111.50,112.14 1 0
Document-Processing/proto/service.pb.go:112.14,114.3 1 0
Document-Processing/proto/service.pb.go:115.2,115.11 1 0
Document-Processing/proto/service.pb.go:126.39,131.2 4 0
Document-Processing/proto/service.pb.go:133.47,135.2 1 0
Document-Processing/proto/service.pb.go:137.45,137.46 0 0
Document-Processing/proto/service.pb.go:139.67,141.14 2 0
Document-Processing/proto/service.pb.go:141.14,143.34 2 0
Document-Processing/proto/service.pb.go:143.34,145.4 1 0
Document-Processing/proto/service.pb.go:146.3,146.12 1 0
Document-Processing/proto/service.pb.go:148.2,148.24 1 0
Document-Processing/proto/service.pb.go:152.58,154.2 1 0
Document-Processing/proto/service.pb.go:156.77,157.14 1 0
Document-Processing/proto/service.pb.go:157.14,159.3 1 0
Document-Processing/proto/service.pb.go:160.2,160.36 1 0
Document-Processing/proto/service.pb.go:172.41,177.2 4 0
Document-Processing/proto/service.pb.go:179.49,181.2 1 0
Document-Processing/proto/service.pb.go:183.47,183.48 0 0
Document-Processing/proto/service.pb.go:185.69,187.14 2 0
Document-Processing/proto/service.pb.go:187.14,189.34 2 0
Document-Processing/proto/service.pb.go:189.34,191.4 1 0
Document-Processing/proto/service.pb.go:192.3,192.12 1 0
Document-Processing/proto/service.pb.go:194.2,194.24 1 0
Document-Processing/proto/service.pb.go:198.60,200.2 1 0
Document-Processing/proto/service.pb.go:202.53,203.14 1 0
Document-Processing/proto/service.pb.go:203.14,205.3 1 0
Document-Processing/proto/service.pb.go:206.2,206.12 1 0
Document-Processing/proto/service.pb.go:209.64,210.14 1 0
Document-Processing/proto/service.pb.go:210.14,212.3 1 0
Document-Processing/proto/service.pb.go:213.2,213.12 1 0
Document-Processing/proto/service.pb.go:225.28,230.2 4 0
Document-Processing/proto/service.pb.go:232.36,234.2 1 0
Document-Processing/proto/service.pb.go:236.34,236.35 0 0
Document-Processing/proto/service.pb.go:238.56,240.14 2 0
Document-Processing/proto/service.pb.go:240.14,242.34 2 0
Document-Processing/proto/service.pb.go:242.34,244.4 1 0
Document-Processing/proto/service.pb.go:245.3,245.12 1 0
Document-Processing/proto/service.pb.go:247.2,247.24 1 0
Document-Processing/proto/service.pb.go:251.47,253.2 1 0
Document-Processing/proto/service.pb.go:255.43,256.14 1 0
Document-Processing/proto/service.pb.go:256.14,258.3 1 0
Document-Processing/proto/service.pb.go:259.2,259.11 1 0
Document-Processing/proto/service.pb.go:262.41,263.14 1 0
Document-Processing/proto/service.pb.go:263.14,265.3 1 0
Document-Processing/proto/service.pb.go:266.2,266.11 1 0
Document-Processing/proto/service.pb.go:279.46,284.2 4 0
Document-Processing/proto/service.pb.go:286.54,288.2 1 0
Document-Processing/proto/service.pb.go:290.52,290.53 0 0
Document-Processing/proto/service.pb.go:292.74,294.14 2 0
Document-Processing/proto/service.pb.go:294.14,296.34 2 0
Document-Processing/proto/service.pb.go:296.34,298.4 1 0
Document-Processing/proto/service.pb.go:299.3,299.12 1 0
Document-Processing/proto/service.pb.go:301.2,301.24 1 0
Document-Processing/proto/service.pb.go:305.65,307.2 1 0
Document-Processing/proto/service.pb.go:309.74,310.14 1 0
Document-Processing/proto/service.pb.go:310.14,312.3 1 0
Document-Processing/proto/service.pb.go:313.2,313.12 1 0
Document-Processing/proto/service.pb.go:316.58,317.14 1 0
Document-Processing/proto/service.pb.go:317.14,319.3 1 0
Document-Processing/proto/service.pb.go:320.2,320.11 1 0
Document-Processing/proto/service.pb.go:323.61,324.14 1 0
Document-Processing/proto/service.pb.go:324.14,326.3 1 0
Document-Processing/proto/service.pb.go:327.2,327.11 1 0
Document-Processing/proto/service.pb.go:341.38,346.2 4 0
Document-Processing/proto/service.pb.go:348.46,350.2 1 0
Document-Processing/proto/service.pb.go:352.44,352.45 0 0
Document-Processing/proto/service.pb.go:354.66,356.14 2 0
Document-Processing/proto/service.pb.go:356.14,358.34 2 0
Document-Processing/proto/service.pb.go:358.34,360.4 1 0
Document-Processing/proto/service.pb.go:361.3,361.12 1 0
Document-Processing/proto/service.pb.go:363.2,363.24 1 0
Document-Processing/proto/service.pb.go:367.57,369.2 1 0
Document-Processing/proto/service.pb.go:371.50,372.14 1 0
Document-Processing/proto/service.pb.go:372.14,374.3 1 0
Document-Processing/proto/service.pb.go:375.2,375.11 1 0
Document-Processing/proto/service.pb.go:378.49,379.14 1 0
Document-Processing/proto/service.pb.go:379.14,381.3 1 0
Document-Processing/proto/service.pb.go:382.2,382.11 1 0
Document-Processing/proto/service.pb.go:385.50,386.14 1 0
Document-Processing/proto/service.pb.go:386.14,388.3 1 0
Document-Processing/proto/service.pb.go:389.2,389.11 1 0
Document-Processing/proto/service.pb.go:392.53,393.14 1 0
Document-Processing/proto/service.pb.go:393.14,395.3 1 0
Document-Processing/proto/service.pb.go:396.2,396.12 1 0
Document-Processing/proto/service.pb.go:407.38,412.2 4 0
Document-Processing/proto/service.pb.go:414.46,416.2 1 0
Document-Processing/proto/service.pb.go:418.44,418.45 0 0
Document-Processing/proto/service.pb.go:420.66,422.14 2 0
Document-Processing/proto/service.pb.go:422.14,424.34 2 0
Document-Processing/proto/service.pb.go:424.34,426.4 1 0
Document-Processing/proto/service.pb.go:427.3,427.12 1 0
Document-Processing/proto/service.pb.go:429.2,429.24 1 0
Document-Processing/proto/service.pb.go:433.57,435.2 1 0
Document-Processing/proto/service.pb.go:437.50,438.14 1 0
Document-Processing/proto/service.pb.go:438.14,440.3 1 0
Document-Processing/proto/service.pb.go:441.2,441.11 1 0
Document-Processing/proto/service.pb.go:455.37,460.2 4 0
Document-Processing/proto/service.pb.go:462.45,464.2 1 0
Document-Processing/proto/service.pb.go:466.43,466.44 0 0
Document-Processing/proto/service.pb.go:468.65,470.14 2 0
Document-Processing/proto/service.pb.go:470.14,472.34 2 0
Document-Processing/proto/service.pb.go:472.34,474.4 1 0
Document-Processing/proto/service.pb.go:475.3,475.12 1 0
Document-Processing/proto/service.pb.go:477.2,477.24 1 0
Document-Processing/proto/service.pb.go:481.56,483.2 1 0
Document-Processing/proto/service.pb.go:485.48,486.14 1 0
Document-Processing/proto/service.pb.go:486.14,488.3 1 0
Document-Processing/proto/service.pb.go:489.2,489.11 1 0
Document-Processing/proto/service.pb.go:492.49,493.14 1 0
Document-Processing/proto/service.pb.go:493.14,495.3 1 0
Document-Processing/proto/service.pb.go:496.2,496.11 1 0
Document-Processing/proto/service.pb.go:499.66,500.14 1 0
Document-Processing/proto/service.pb.go:500.14,502.3 1 0
Document-Processing/proto/service.pb.go:503.2,503.12 1 0
Document-Processing/proto/service.pb.go:506.53,507.14 1 0
Document-Processing/proto/service.pb.go:507.14,509.3 1 0
Document-Processing/proto/service.pb.go:510.2,510.10 1 0
Document-Processing/proto/service.pb.go:524.47,529.2 4 0
Document-Processing/proto/service.pb.go:531.55,533.2 1 0
Document-Processing/proto/service.pb.go:535.53,535.54 0 0
Document-Processing/proto/service.pb.go:537.75,539.14 2 0
Document-Processing/proto/service.pb.go:539.14,541.34 2 0
Document-Processing/proto/service.pb.go:541.34,543.4 1 0
Document-Processing/proto/service.pb.go:544.3,544.12 1 0
Document-Processing/proto/service.pb.go:546.2,546.24 1 0
Document-Processing/proto/service.pb.go:550.66,552.2 1 0
Document-Processing/proto/service.pb.go:554.57,555.14 1 0
Document-Processing/proto/service.pb.go:555.14,557.3 1 0
Document-Processing/proto/service.pb.go:558.2,558.14 1 0
Document-Processing/proto/service.pb.go:561.59,562.14 1 0
Document-Processing/proto/service.pb.go:562.14,564.3 1 0
Document-Processing/proto/service.pb.go:565.2,565.11 1 0
Document-Processing/proto/service.pb.go:568.80,569.14 1 0
Document-Processing/proto/service.pb.go:569.14,571.3 1 0
Document-Processing/proto/service.pb.go:572.2,572.12 1 0
Document-Processing/proto/service.pb.go:575.61,576.14 1 0
Document-Processing/proto/service.pb.go:576.14,578.3 1 0
Document-Processing/proto/service.pb.go:579.2,579.11 1 0
Document-Processing/proto/service.pb.go:695.52,696.49 1 0
Document-Processing/proto/service.pb.go:696.49,698.3 1 0
Document-Processing/proto/service.pb.go:699.2,699.45 1 0
Document-Processing/proto/service.pb.go:736.13,736.48 1 0
Document-Processing/proto/service.pb.go:737.38,738.37 1 0
Document-Processing/proto/service.pb.go:738.37,740.3 1 0
Document-Processing/proto/service.pb.go:741.2,758.40 5 0
Document-Processing/proto/service_grpc.pb.go:38.78,40.2 1 0
Document-Processing/proto/service_grpc.pb.go:42.137,46.16 4 0
Document-Processing/proto/service_grpc.pb.go:46.16,48.3 1 0
Document-Processing/proto/service_grpc.pb.go:49.2,49.17 1 0
Document-Processing/proto/service_grpc.pb.go:69.115,71.2 1 0
Document-Processing/proto/service_grpc.pb.go:72.86,72.87 0 0
Document-Processing/proto/service_grpc.pb.go:73.86,73.87 0 0
Document-Processing/proto/service_grpc.pb.go:82.84,87.59 1 0
Document-Processing/proto/service_grpc.pb.go:87.59,89.3 1 0
Document-Processing/proto/service_grpc.pb.go:90.2,90.52 1 0
Document-Processing/proto/service_grpc.pb.go:93.164,95.32 2 0
Document-Processing/proto/service_grpc.pb.go:95.32,97.3 1 0
Document-Processing/proto/service_grpc.pb.go:98.2,98.24 1 0
Document-Processing/proto/service_grpc.pb.go:98.24,100.3 1 0
Document-Processing/proto/service_grpc.pb.go:101.2,105.77 2 0
Document-Processing/proto/service_grpc.pb.go:105.77,107.3 1 0
Document-Processing/proto/service_grpc.pb.go:108.2,108.44 1 0
Document-Processing/proto/service_grpc.pb.go:147.106,149.2 1 0
Document-Processing/proto/service_grpc.pb.go:151.172,155.16 4 0
Document-Processing/proto/service_grpc.pb.go:155.16,157.3 1 0
Document-Processing/proto/service_grpc.pb.go:158.2,158.17 1 0
Document-Processing/proto/service_grpc.pb.go:161.170,165.16 4 0
Document-Processing/proto/service_grpc.pb.go:165.16,167.3 1 0
Document-Processing/proto/service_grpc.pb.go:168.2,168.17 1 0
Document-Processing/proto/service_grpc.pb.go:190.150,192.2 1 0
Document-Processing/proto/service_grpc.pb.go:193.148,195.2 1 0
Document-Processing/proto/service_grpc.pb.go:196.114,197.2 0 0
Document-Processing/proto/service_grpc.pb.go:198.78,198.79 0 0
Document-Processing/proto/service_grpc.pb.go:207.112,212.59 1 0
Document-Processing/proto/service_grpc.pb.go:212.59,214.3 1 0
Document-Processing/proto/service_grpc.pb.go:215.2,215.66 1 0
Document-Processing/proto/service_grpc.pb.go:218.192,220.32 2 0
Document-Processing/proto/service_grpc.pb.go:220.32,222.3 1 0
Document-Processing/proto/service_grpc.pb.go:223.2,223.24 1 0
Document-Processing/proto/service_grpc.pb.go:223.24,225.3 1 0
Document-Processing/proto/service_grpc.pb.go:226.2,230.77 2 0
Document-Processing/proto/service_grpc.pb.go:230.77,232.3 1 0
Document-Processing/proto/service_grpc.pb.go:233.2,233.44 1 0
Document-Processing/proto/service_grpc.pb.go:236.189,238.32 2 0
Document-Processing/proto/service_grpc.pb.go:238.32,240.3 1 0
Document-Processing/proto/service_grpc.pb.go:241.2,241.24 1 0
Document-Processing/proto/service_grpc.pb.go:241.24,243.3 1 0
Document-Processing/proto/service_grpc.pb.go:244.2,248.77 2 0
Document-Processing/proto/service_grpc.pb.go:248.77,250.3 1 0
Document-Processing/proto/service_grpc.pb.go:251.2,251.44 1 0
Document-Processing/internal/handlers/document_handler.go:21.91,25.2 1 1
Document-Processing/internal/handlers/document_handler.go:28.136,31.2 2 1
Document-Processing/internal/handlers/document_handler.go:34.134,37.2 2 1
Document-Processing/internal/handlers/health_handler.go:15.40,17.2 1 1
Document-Processing/internal/handlers/health_handler.go:19.113,24.23 2 1
Document-Processing/internal/handlers/health_handler.go:24.23,28.3 1 1
Document-Processing/internal/handlers/health_handler.go:31.2,31.67 1 1
Document-Processing/internal/handlers/health_handler.go:31.67,35.3 1 1
Document-Processing/internal/handlers/health_handler.go:38.2,40.8 1 1
Document-Processing/internal/repository/minio_repository.go:21.102,27.16 2 1
Document-Processing/internal/repository/minio_repository.go:27.16,29.3 1 0
Document-Processing/internal/repository/minio_repository.go:32.2,40.16 4 1
Document-Processing/internal/repository/minio_repository.go:40.16,42.3 1 1
Document-Processing/internal/repository/minio_repository.go:44.2,44.13 1 1
Document-Processing/internal/repository/minio_repository.go:44.13,46.17 2 0
Document-Processing/internal/repository/minio_repository.go:46.17,48.4 1 0
Document-Processing/internal/repository/minio_repository.go:51.2,51.18 1 1
Document-Processing/internal/repository/minio_repository.go:55.108,66.16 4 1
Document-Processing/internal/repository/minio_repository.go:66.16,68.3 1 0
Document-Processing/internal/repository/minio_repository.go:71.2,72.16 2 1
Document-Processing/internal/repository/minio_repository.go:72.16,74.3 1 0
Document-Processing/internal/repository/minio_repository.go:76.2,76.26 1 1
Document-Processing/internal/repository/minio_repository.go:80.89,82.16 2 1
Document-Processing/internal/repository/minio_repository.go:82.16,84.3 1 0
Document-Processing/internal/repository/minio_repository.go:85.2,88.16 3 1
Document-Processing/internal/repository/minio_repository.go:88.16,90.3 1 0
Document-Processing/internal/repository/minio_repository.go:92.2,92.18 1 1
Document-Processing/internal/repository/minio_repository.go:97.81,100.20 2 1
Document-Processing/internal/repository/minio_repository.go:100.20,102.3 1 1
Document-Processing/internal/repository/minio_repository.go:105.2,110.16 4 1
Document-Processing/internal/repository/minio_repository.go:110.16,112.3 1 1
Document-Processing/internal/repository/minio_repository.go:115.2,116.16 2 1
Document-Processing/internal/repository/minio_repository.go:116.16,118.3 1 0
Document-Processing/internal/repository/minio_repository.go:120.2,120.12 1 1
Document-Processing/internal/repository/yugabyte_repository.go:18.68,20.2 1 1
Document-Processing/internal/repository/yugabyte_repository.go:22.110,24.25 2 1
Document-Processing/internal/repository/yugabyte_repository.go:24.25,26.3 1 1
Document-Processing/internal/repository/yugabyte_repository.go:27.2,27.18 1 1
Document-Processing/internal/repository/yugabyte_repository.go:30.95,33.25 3 1
Document-Processing/internal/repository/yugabyte_repository.go:33.25,35.3 1 1
Document-Processing/internal/repository/yugabyte_repository.go:36.2,36.23 1 1
Document-Processing/internal/utils/utils.go:12.72,15.16 2 1
Document-Processing/internal/utils/utils.go:15.16,17.3 1 0
Document-Processing/internal/utils/utils.go:20.2,24.58 3 1
Document-Processing/internal/utils/utils.go:24.58,27.3 2 0
Document-Processing/internal/utils/utils.go:30.2,31.18 2 1
Document-Processing/internal/utils/utils.go:32.19,33.14 1 1
Document-Processing/internal/utils/utils.go:34.33,35.14 1 1
Document-Processing/internal/utils/utils.go:36.25,37.14 1 1
Document-Processing/internal/utils/utils.go:38.10,39.14 1 1
Document-Processing/internal/utils/utils.go:43.2,50.59 4 1
Document-Processing/internal/utils/utils.go:50.59,53.3 2 0
Document-Processing/internal/utils/utils.go:55.2,56.22 2 1
Document-Processing/internal/utils/utils.go:59.59,65.31 2 1
Document-Processing/internal/utils/utils.go:65.31,67.3 1 1
Document-Processing/internal/utils/utils.go:69.2,77.31 2 1
Document-Processing/internal/utils/utils.go:77.31,79.25 2 1
Document-Processing/internal/utils/utils.go:79.25,81.4 1 1
Document-Processing/internal/utils/utils.go:82.3,82.79 1 1
Document-Processing/internal/utils/utils.go:85.2,103.15 2 1
Document-Processing/internal/services/document_service.go:62.20,70.2 1 1
Document-Processing/internal/services/document_service.go:73.136,76.25 2 1
Document-Processing/internal/services/document_service.go:76.25,78.3 1 1
Document-Processing/internal/services/document_service.go:81.2,82.19 2 1
Document-Processing/internal/services/document_service.go:82.19,84.3 1 1
Document-Processing/internal/services/document_service.go:87.2,88.36 2 1
Document-Processing/internal/services/document_service.go:88.36,89.26 1 1
Document-Processing/internal/services/document_service.go:89.26,90.12 1 0
Document-Processing/internal/services/document_service.go:93.3,94.17 2 1
Document-Processing/internal/services/document_service.go:94.17,96.4 1 1
Document-Processing/internal/services/document_service.go:98.3,99.17 2 1
Document-Processing/internal/services/document_service.go:99.17,101.4 1 1
Document-Processing/internal/services/document_service.go:103.3,103.39 1 1
Document-Processing/internal/services/document_service.go:107.2,124.8 6 1
Document-Processing/internal/services/document_service.go:128.134,130.16 2 1
Document-Processing/internal/services/document_service.go:130.16,136.3 2 1
Document-Processing/internal/services/document_service.go:138.2,138.17 1 1
Document-Processing/internal/services/document_service.go:138.17,144.3 2 1
Document-Processing/internal/services/document_service.go:148.2,151.22 3 1
Document-Processing/internal/services/document_service.go:151.22,157.3 2 1
Document-Processing/internal/services/document_service.go:161.2,163.43 2 1
Document-Processing/internal/services/document_service.go:163.43,171.82 3 1
Document-Processing/internal/services/document_service.go:171.82,172.45 1 1
Document-Processing/internal/services/document_service.go:172.45,174.5 1 1
Document-Processing/internal/services/document_service.go:176.3,179.57 2 1
Document-Processing/internal/services/document_service.go:182.2,187.8 1 1
Document-Processing/internal/services/document_service.go:191.144,209.36 13 1
Document-Processing/internal/services/document_service.go:209.36,211.57 2 1
Document-Processing/internal/services/document_service.go:211.57,220.18 6 1
Document-Processing/internal/services/document_service.go:220.18,224.5 3 1
Document-Processing/internal/services/document_service.go:226.4,227.55 2 1
Document-Processing/internal/services/document_service.go:232.2,238.27 5 1
Document-Processing/internal/services/document_service.go:238.27,240.3 1 1
Document-Processing/internal/services/document_service.go:242.2,243.38 2 1
Document-Processing/internal/services/document_service.go:243.38,245.3 1 1
Document-Processing/internal/services/document_service.go:247.2,248.21 2 1
Document-Processing/internal/services/document_service.go:248.21,252.3 3 1
Document-Processing/internal/services/document_service.go:252.8,256.3 3 1
Document-Processing/internal/services/document_service.go:258.2,259.35 2 1
Document-Processing/internal/services/document_service.go:259.35,267.3 2 1
Document-Processing/internal/services/document_service.go:269.2,270.25 2 1
Document-Processing/internal/services/document_service.go:270.25,272.3 1 0
Document-Processing/internal/services/document_service.go:274.2,284.16 3 1
Document-Processing/internal/services/document_service.go:284.16,287.3 2 0
Document-Processing/internal/services/document_service.go:287.8,289.3 1 1
Document-Processing/internal/services/document_service.go:291.2,291.24 1 1
Document-Processing/internal/services/document_service.go:295.66,297.2 1 0
Document-Processing/internal/services/document_service.go:299.157,307.44 5 1
Document-Processing/internal/services/document_service.go:307.44,309.22 2 0
Document-Processing/internal/services/document_service.go:309.22,311.4 1 0
Document-Processing/internal/services/document_service.go:312.3,313.25 2 0
Document-Processing/internal/services/document_service.go:313.25,315.4 1 0
Document-Processing/internal/services/document_service.go:316.3,317.85 2 0
Document-Processing/internal/services/document_service.go:321.2,327.42 5 1
Document-Processing/internal/services/document_service.go:327.42,329.3 1 0
Document-Processing/internal/services/document_service.go:331.2,333.26 2 1
Document-Processing/internal/services/document_service.go:333.26,335.62 1 1
Document-Processing/internal/services/document_service.go:335.62,337.4 1 0
Document-Processing/internal/services/document_service.go:338.3,338.46 1 1
Document-Processing/internal/services/document_service.go:342.2,342.27 1 1
Document-Processing/internal/services/document_service.go:342.27,344.3 1 0
Document-Processing/internal/services/document_service.go:344.8,346.3 1 1
Document-Processing/internal/services/document_service.go:349.2,349.31 1 1
Document-Processing/internal/services/document_service.go:349.31,350.28 1 1
Document-Processing/internal/services/document_service.go:350.28,353.63 2 0
Document-Processing/internal/services/document_service.go:353.63,355.5 1 0
Document-Processing/internal/services/document_service.go:356.4,356.79 1 0
Document-Processing/internal/services/document_service.go:361.2,362.16 2 1
Document-Processing/internal/services/document_service.go:362.16,365.28 3 0
Document-Processing/internal/services/document_service.go:365.28,367.4 1 0
Document-Processing/internal/services/document_service.go:369.3,369.62 1 0
Document-Processing/internal/services/document_service.go:369.62,371.4 1 0
Document-Processing/internal/services/document_service.go:372.3,372.102 1 0
Document-Processing/internal/services/document_service.go:375.2,381.49 4 1
Document-Processing/internal/services/document_service.go:381.49,383.17 2 1
Document-Processing/internal/services/document_service.go:383.17,385.63 1 1
Document-Processing/internal/services/document_service.go:385.63,387.5 1 0
Document-Processing/internal/services/document_service.go:388.4,388.67 1 1
Document-Processing/internal/services/document_service.go:391.3,391.21 1 0
Document-Processing/internal/services/document_service.go:392.8,395.17 2 1
Document-Processing/internal/services/document_service.go:395.17,401.4 1 1
Document-Processing/internal/services/document_service.go:404.2,409.8 1 1
Document-Processing/internal/services/document_service.go:413.37,418.2 1 1
Document-Processing/internal/services/document_service.go:421.24,422.11 1 1
Document-Processing/internal/services/document_service.go:422.11,424.3 1 0
Document-Processing/internal/services/document_service.go:425.2,425.10 1 1
Document-Processing/internal/services/document_service.go:428.94,433.2 4 1
Document-Processing/internal/services/gemini_service.go:33.98,36.16 3 1
Document-Processing/internal/services/gemini_service.go:36.16,38.3 1 0
Document-Processing/internal/services/gemini_service.go:40.2,45.8 2 1
Document-Processing/internal/services/gemini_service.go:48.158,51.16 2 1
Document-Processing/internal/services/gemini_service.go:51.16,53.3 1 1
Document-Processing/internal/services/gemini_service.go:56.2,60.16 3 1
Document-Processing/internal/services/gemini_service.go:60.16,65.3 4 1
Document-Processing/internal/services/gemini_service.go:67.2,84.34 7 1
Document-Processing/internal/services/gemini_service.go:84.34,85.10 1 1
Document-Processing/internal/services/gemini_service.go:86.21,87.93 1 0
Document-Processing/internal/services/gemini_service.go:88.11,94.18 4 1
Document-Processing/internal/services/gemini_service.go:94.18,95.10 1 1
Document-Processing/internal/services/gemini_service.go:98.4,100.24 2 0
Document-Processing/internal/services/gemini_service.go:100.24,104.12 3 0
Document-Processing/internal/services/gemini_service.go:105.23,106.89 1 0
Document-Processing/internal/services/gemini_service.go:107.30,108.14 1 0
Document-Processing/internal/services/gemini_service.go:114.2,114.16 1 1
Document-Processing/internal/services/gemini_service.go:114.16,115.62 1 0
Document-Processing/internal/services/gemini_service.go:115.62,117.4 1 0
Document-Processing/internal/services/gemini_service.go:118.3,118.87 1 0
Document-Processing/internal/services/gemini_service.go:122.2,122.77 1 1
Document-Processing/internal/services/gemini_service.go:122.77,124.3 1 0
Document-Processing/internal/services/gemini_service.go:126.2,127.56 2 1
Document-Processing/internal/services/gemini_service.go:127.56,128.44 1 1
Document-Processing/internal/services/gemini_service.go:128.44,130.4 1 1
Document-Processing/internal/services/gemini_service.go:134.2,147.72 8 1
Document-Processing/internal/services/gemini_service.go:147.72,149.3 1 0
Document-Processing/internal/services/gemini_service.go:152.2,152.41 1 1
Document-Processing/internal/services/gemini_service.go:152.41,153.49 1 1
Document-Processing/internal/services/gemini_service.go:153.49,155.4 1 0
Document-Processing/internal/services/gemini_service.go:158.2,158.54 1 1
Document-Processing/internal/services/gemini_service.go:161.71,163.21 1 1
Document-Processing/internal/services/gemini_service.go:163.21,165.3 1 1
Document-Processing/internal/services/gemini_service.go:168.2,168.43 1 1
Document-Processing/internal/services/gemini_service.go:168.43,170.22 2 1
Document-Processing/internal/services/gemini_service.go:170.22,172.4 1 1
Document-Processing/internal/services/gemini_service.go:175.3,176.26 2 1
Document-Processing/internal/services/gemini_service.go:176.26,178.4 1 0
Document-Processing/internal/services/gemini_service.go:179.3,188.43 6 1
Document-Processing/internal/services/gemini_service.go:188.43,190.4 1 0
Document-Processing/internal/services/gemini_service.go:192.3,192.35 1 1
Document-Processing/internal/services/gemini_service.go:196.2,202.42 5 1
Document-Processing/internal/services/gemini_service.go:202.42,204.3 1 1
Document-Processing/internal/services/gemini_service.go:207.2,207.38 1 1
Document-Processing/internal/services/gemini_service.go:218.39,219.21 1 0
Document-Processing/internal/services/gemini_service.go:219.21,221.3 1 0
Document-Processing/internal/services/gemini_service.go:222.2,222.12 1 0
Document-Processing/internal/services/llama_service.go:22.38,28.2 1 1
Document-Processing/internal/services/llama_service.go:31.67,37.2 1 1
Document-Processing/internal/services/llama_service.go:39.132,43.23 2 1
Document-Processing/internal/services/llama_service.go:43.23,45.3 1 0
Document-Processing/internal/services/llama_service.go:48.2,49.45 2 1
Document-Processing/internal/services/llama_service.go:49.45,51.22 2 1
Document-Processing/internal/services/llama_service.go:51.22,53.4 1 0
Document-Processing/internal/services/llama_service.go:54.3,54.24 1 1
Document-Processing/internal/services/llama_service.go:55.8,57.3 1 1
Document-Processing/internal/services/llama_service.go:60.2,66.42 5 1
Document-Processing/internal/services/llama_service.go:66.42,68.3 1 1
Document-Processing/internal/services/llama_service.go:71.2,71.31 1 1
Document-Processing/internal/services/llama_service.go:71.31,72.28 1 1
Document-Processing/internal/services/llama_service.go:72.28,74.4 1 1
Document-Processing/internal/services/llama_service.go:78.2,78.71 1 1
Document-Processing/internal/services/llama_service.go:78.71,80.3 1 0
Document-Processing/internal/services/llama_service.go:82.2,95.16 3 1
Document-Processing/internal/services/llama_service.go:95.16,97.3 1 0
Document-Processing/internal/services/llama_service.go:99.2,100.16 2 1
Document-Processing/internal/services/llama_service.go:100.16,102.3 1 0
Document-Processing/internal/services/llama_service.go:103.2,106.16 3 1
Document-Processing/internal/services/llama_service.go:106.16,108.3 1 1
Document-Processing/internal/services/llama_service.go:109.2,111.53 2 1
Document-Processing/internal/services/llama_service.go:111.53,113.3 1 1
Document-Processing/internal/services/llama_service.go:115.2,120.25 4 1
Document-Processing/internal/services/llama_service.go:120.25,123.3 1 1
Document-Processing/internal/services/llama_service.go:125.2,128.21 3 1
Document-Processing/internal/services/llama_service.go:128.21,131.3 2 1
Document-Processing/internal/services/llama_service.go:133.2,135.20 2 1
