mode: set
encryption_microservice/pkg/crypto/crypto_impl.go:17.32,19.2 1 1
encryption_microservice/pkg/crypto/crypto_impl.go:22.94,24.16 2 1
encryption_microservice/pkg/crypto/crypto_impl.go:24.16,26.3 1 1
encryption_microservice/pkg/crypto/crypto_impl.go:29.2,30.56 2 1
encryption_microservice/pkg/crypto/crypto_impl.go:30.56,32.3 1 0
encryption_microservice/pkg/crypto/crypto_impl.go:35.2,43.64 5 1
encryption_microservice/pkg/crypto/crypto_impl.go:47.103,52.16 2 1
encryption_microservice/pkg/crypto/crypto_impl.go:52.16,54.3 1 1
encryption_microservice/pkg/crypto/crypto_impl.go:56.2,56.37 1 1
encryption_microservice/pkg/crypto/crypto_impl.go:56.37,58.3 1 1
encryption_microservice/pkg/crypto/crypto_impl.go:61.2,65.16 4 1
encryption_microservice/pkg/crypto/crypto_impl.go:65.16,67.3 1 1
encryption_microservice/pkg/crypto/crypto_impl.go:70.2,73.32 3 1
encryption_microservice/pkg/crypto/crypto_impl.go:77.99,79.16 2 1
encryption_microservice/pkg/crypto/crypto_impl.go:79.16,81.3 1 1
encryption_microservice/pkg/crypto/crypto_impl.go:84.2,85.56 2 1
encryption_microservice/pkg/crypto/crypto_impl.go:85.56,87.3 1 0
encryption_microservice/pkg/crypto/crypto_impl.go:90.2,95.39 4 1
encryption_microservice/pkg/crypto/crypto_impl.go:99.108,100.40 1 1
encryption_microservice/pkg/crypto/crypto_impl.go:100.40,102.3 1 1
encryption_microservice/pkg/crypto/crypto_impl.go:105.2,109.16 4 1
encryption_microservice/pkg/crypto/crypto_impl.go:109.16,111.3 1 0
encryption_microservice/pkg/crypto/crypto_impl.go:114.2,117.24 3 1
encryption_microservice/internal/modules/encryption/services/key_manager/key_manager.go:12.51,16.2 1 1
encryption_microservice/internal/modules/encryption/services/key_manager/key_manager.go:18.81,19.51 1 1
encryption_microservice/internal/modules/encryption/services/key_manager/key_manager.go:19.51,21.3 1 1
encryption_microservice/internal/modules/encryption/services/key_manager/key_manager.go:22.2,22.12 1 1
encryption_microservice/internal/modules/encryption/services/key_manager/key_manager.go:25.82,27.16 2 1
encryption_microservice/internal/modules/encryption/services/key_manager/key_manager.go:27.16,29.3 1 1
encryption_microservice/internal/modules/encryption/services/key_manager/key_manager.go:30.2,30.17 1 1
encryption_microservice/internal/modules/encryption/services/user/mock_user_service.go:18.81,20.2 1 0
encryption_microservice/internal/modules/encryption/services/user/mock_user_service.go:23.31,27.57 3 1
encryption_microservice/internal/modules/encryption/services/user/mock_user_service.go:27.57,30.17 3 1
encryption_microservice/internal/modules/encryption/services/user/mock_user_service.go:30.17,32.4 1 0
encryption_microservice/internal/modules/encryption/services/user/mock_user_service.go:33.3,33.48 1 1
encryption_microservice/internal/modules/encryption/services/user/mock_user_service.go:35.2,35.12 1 1
encryption_microservice/internal/modules/encryption/services/user/mock_user_service.go:39.34,40.43 1 1
encryption_microservice/internal/modules/encryption/services/user/mock_user_service.go:40.43,42.3 1 0
encryption_microservice/internal/modules/encryption/services/user/mock_user_service.go:44.2,45.16 2 1
encryption_microservice/internal/modules/encryption/services/user/mock_user_service.go:45.16,47.3 1 0
encryption_microservice/internal/modules/encryption/services/user/mock_user_service.go:49.2,51.16 3 1
encryption_microservice/internal/modules/encryption/services/user/mock_user_service.go:51.16,53.3 1 1
encryption_microservice/internal/modules/encryption/services/user/mock_user_service.go:54.2,54.19 1 1
encryption_microservice/internal/modules/encryption/services/user/mock_user_service.go:58.36,63.16 4 1
encryption_microservice/internal/modules/encryption/services/user/mock_user_service.go:63.16,65.3 1 0
encryption_microservice/internal/modules/encryption/services/user/mock_user_service.go:66.2,66.47 1 1
encryption_microservice/internal/modules/encryption/services/user/mock_user_service.go:70.86,71.17 1 1
encryption_microservice/internal/modules/encryption/services/user/mock_user_service.go:71.17,73.3 1 1
encryption_microservice/internal/modules/encryption/services/user/mock_user_service.go:74.2,75.16 2 1
encryption_microservice/internal/modules/encryption/services/user/mock_user_service.go:75.16,77.3 1 1
encryption_microservice/internal/modules/encryption/services/user/mock_user_service.go:79.2,79.29 1 1
encryption_microservice/internal/modules/encryption/services/user/mock_user_service.go:79.29,80.23 1 1
encryption_microservice/internal/modules/encryption/services/user/mock_user_service.go:80.23,82.4 1 1
encryption_microservice/internal/modules/encryption/services/user/mock_user_service.go:86.2,95.41 3 1
encryption_microservice/internal/modules/encryption/services/user/mock_user_service.go:95.41,97.3 1 0
encryption_microservice/internal/modules/encryption/services/user/mock_user_service.go:99.2,99.21 1 1
encryption_microservice/internal/modules/encryption/services/user/mock_user_service.go:103.91,106.16 2 1
encryption_microservice/internal/modules/encryption/services/user/mock_user_service.go:106.16,108.3 1 0
encryption_microservice/internal/modules/encryption/services/user/mock_user_service.go:110.2,110.29 1 1
encryption_microservice/internal/modules/encryption/services/user/mock_user_service.go:110.29,111.28 1 1
encryption_microservice/internal/modules/encryption/services/user/mock_user_service.go:111.28,113.4 1 1
encryption_microservice/internal/modules/encryption/services/user/mock_user_service.go:116.2,117.41 2 1
encryption_microservice/internal/modules/encryption/services/user/mock_user_service.go:117.41,119.3 1 0
encryption_microservice/internal/modules/encryption/services/user/mock_user_service.go:120.2,120.12 1 1
encryption_microservice/internal/modules/encryption/services/user/mock_user_service.go:124.84,126.16 2 1
encryption_microservice/internal/modules/encryption/services/user/mock_user_service.go:126.16,128.3 1 0
encryption_microservice/internal/modules/encryption/services/user/mock_user_service.go:130.2,132.29 3 1
encryption_microservice/internal/modules/encryption/services/user/mock_user_service.go:132.29,133.24 1 1
encryption_microservice/internal/modules/encryption/services/user/mock_user_service.go:133.24,135.4 1 0
encryption_microservice/internal/modules/encryption/services/user/mock_user_service.go:135.9,137.4 1 1
encryption_microservice/internal/modules/encryption/services/user/mock_user_service.go:140.2,140.12 1 1
encryption_microservice/internal/modules/encryption/services/user/mock_user_service.go:140.12,142.3 1 1
encryption_microservice/internal/modules/encryption/services/user/mock_user_service.go:144.2,144.44 1 1
encryption_microservice/internal/modules/encryption/services/user/mock_user_service.go:144.44,146.3 1 0
encryption_microservice/internal/modules/encryption/services/user/mock_user_service.go:147.2,147.12 1 1
encryption_microservice/internal/modules/encryption/services/user/mock_user_service.go:151.102,153.16 2 1
encryption_microservice/internal/modules/encryption/services/user/mock_user_service.go:153.16,155.3 1 0
encryption_microservice/internal/modules/encryption/services/user/mock_user_service.go:157.2,158.29 2 1
encryption_microservice/internal/modules/encryption/services/user/mock_user_service.go:158.29,159.24 1 1
encryption_microservice/internal/modules/encryption/services/user/mock_user_service.go:159.24,163.9 4 1
encryption_microservice/internal/modules/encryption/services/user/mock_user_service.go:167.2,167.14 1 1
encryption_microservice/internal/modules/encryption/services/user/mock_user_service.go:167.14,169.3 1 1
encryption_microservice/internal/modules/encryption/services/user/mock_user_service.go:171.2,171.41 1 1
encryption_microservice/internal/modules/encryption/services/user/mock_user_service.go:171.41,173.3 1 0
encryption_microservice/internal/modules/encryption/services/user/mock_user_service.go:174.2,174.12 1 1
encryption_microservice/internal/modules/encryption/usecases/encryption/encryption_usecase.go:23.72,28.2 1 1
encryption_microservice/internal/modules/encryption/usecases/encryption/encryption_usecase.go:30.97,32.16 2 1
encryption_microservice/internal/modules/encryption/usecases/encryption/encryption_usecase.go:32.16,35.3 2 1
encryption_microservice/internal/modules/encryption/usecases/encryption/encryption_usecase.go:36.2,38.16 3 1
encryption_microservice/internal/modules/encryption/usecases/encryption/encryption_usecase.go:38.16,41.3 2 1
encryption_microservice/internal/modules/encryption/usecases/encryption/encryption_usecase.go:42.2,42.17 1 1
encryption_microservice/internal/modules/encryption/usecases/encryption/encryption_usecase.go:46.184,53.32 2 1
encryption_microservice/internal/modules/encryption/usecases/encryption/encryption_usecase.go:53.32,56.22 3 1
encryption_microservice/internal/modules/encryption/usecases/encryption/encryption_usecase.go:56.22,59.4 2 1
encryption_microservice/internal/modules/encryption/usecases/encryption/encryption_usecase.go:62.3,62.31 1 1
encryption_microservice/internal/modules/encryption/usecases/encryption/encryption_usecase.go:62.31,65.19 3 1
encryption_microservice/internal/modules/encryption/usecases/encryption/encryption_usecase.go:66.26,67.56 1 1
encryption_microservice/internal/modules/encryption/usecases/encryption/encryption_usecase.go:68.25,69.55 1 1
encryption_microservice/internal/modules/encryption/usecases/encryption/encryption_usecase.go:70.12,71.104 1 0
encryption_microservice/internal/modules/encryption/usecases/encryption/encryption_usecase.go:73.4,73.18 1 1
encryption_microservice/internal/modules/encryption/usecases/encryption/encryption_usecase.go:73.18,76.5 2 1
encryption_microservice/internal/modules/encryption/usecases/encryption/encryption_usecase.go:77.4,77.34 1 1
encryption_microservice/internal/modules/encryption/usecases/encryption/encryption_usecase.go:81.3,82.17 2 1
encryption_microservice/internal/modules/encryption/usecases/encryption/encryption_usecase.go:82.17,85.4 2 1
encryption_microservice/internal/modules/encryption/usecases/encryption/encryption_usecase.go:86.3,86.55 1 1
encryption_microservice/internal/modules/encryption/usecases/encryption/encryption_usecase.go:89.2,89.57 1 1
encryption_microservice/internal/modules/encryption/usecases/encryption/encryption_usecase.go:92.150,95.31 2 1
encryption_microservice/internal/modules/encryption/usecases/encryption/encryption_usecase.go:95.31,96.22 1 1
encryption_microservice/internal/modules/encryption/usecases/encryption/encryption_usecase.go:96.22,97.12 1 1
encryption_microservice/internal/modules/encryption/usecases/encryption/encryption_usecase.go:99.3,101.17 3 1
encryption_microservice/internal/modules/encryption/usecases/encryption/encryption_usecase.go:101.17,104.4 2 1
encryption_microservice/internal/modules/encryption/usecases/encryption/encryption_usecase.go:105.3,105.65 1 1
encryption_microservice/internal/modules/encryption/usecases/encryption/encryption_usecase.go:108.2,108.27 1 1
encryption_microservice/internal/modules/encryption/usecases/encryption/encryption_usecase.go:111.191,118.32 2 1
encryption_microservice/internal/modules/encryption/usecases/encryption/encryption_usecase.go:118.32,121.32 2 1
encryption_microservice/internal/modules/encryption/usecases/encryption/encryption_usecase.go:121.32,125.43 2 1
encryption_microservice/internal/modules/encryption/usecases/encryption/encryption_usecase.go:125.43,127.13 2 1
encryption_microservice/internal/modules/encryption/usecases/encryption/encryption_usecase.go:130.4,137.32 5 1
encryption_microservice/internal/modules/encryption/usecases/encryption/encryption_usecase.go:137.32,140.35 3 1
encryption_microservice/internal/modules/encryption/usecases/encryption/encryption_usecase.go:140.35,142.6 1 1
encryption_microservice/internal/modules/encryption/usecases/encryption/encryption_usecase.go:144.5,145.19 2 1
encryption_microservice/internal/modules/encryption/usecases/encryption/encryption_usecase.go:145.19,148.6 2 1
encryption_microservice/internal/modules/encryption/usecases/encryption/encryption_usecase.go:149.5,150.35 2 1
encryption_microservice/internal/modules/encryption/usecases/encryption/encryption_usecase.go:151.10,153.5 1 0
encryption_microservice/internal/modules/encryption/usecases/encryption/encryption_usecase.go:156.4,157.18 2 1
encryption_microservice/internal/modules/encryption/usecases/encryption/encryption_usecase.go:157.18,160.5 2 0
encryption_microservice/internal/modules/encryption/usecases/encryption/encryption_usecase.go:161.4,161.34 1 1
encryption_microservice/internal/modules/encryption/usecases/encryption/encryption_usecase.go:164.3,164.57 1 1
encryption_microservice/internal/modules/encryption/usecases/encryption/encryption_usecase.go:167.2,169.8 1 1
encryption_microservice/internal/modules/encryption/usecases/encryption/encryption_usecase.go:173.136,175.76 1 1
encryption_microservice/internal/modules/encryption/usecases/encryption/encryption_usecase.go:175.76,178.17 2 1
encryption_microservice/internal/modules/encryption/usecases/encryption/encryption_usecase.go:178.17,181.4 2 1
encryption_microservice/internal/modules/encryption/usecases/encryption/encryption_usecase.go:184.3,185.17 2 1
encryption_microservice/internal/modules/encryption/usecases/encryption/encryption_usecase.go:185.17,188.4 2 0
encryption_microservice/internal/modules/encryption/usecases/encryption/encryption_usecase.go:191.3,192.64 2 1
encryption_microservice/internal/modules/encryption/usecases/encryption/encryption_usecase.go:192.64,195.4 2 1
encryption_microservice/internal/modules/encryption/usecases/encryption/encryption_usecase.go:198.3,199.17 2 1
encryption_microservice/internal/modules/encryption/usecases/encryption/encryption_usecase.go:199.17,202.4 2 1
encryption_microservice/internal/modules/encryption/usecases/encryption/encryption_usecase.go:204.3,204.19 1 1
encryption_microservice/internal/modules/encryption/usecases/encryption/encryption_usecase.go:208.2,209.16 2 1
encryption_microservice/internal/modules/encryption/usecases/encryption/encryption_usecase.go:209.16,211.3 1 1
encryption_microservice/internal/modules/encryption/usecases/encryption/encryption_usecase.go:213.2,214.16 2 1
encryption_microservice/internal/modules/encryption/usecases/encryption/encryption_usecase.go:214.16,216.3 1 0
encryption_microservice/internal/modules/encryption/usecases/encryption/encryption_usecase.go:218.2,221.8 1 1
encryption_microservice/internal/modules/encryption/services/encryption_engine/encryption_engine.go:18.102,23.2 1 1
encryption_microservice/internal/modules/encryption/services/encryption_engine/encryption_engine.go:25.86,27.57 2 1
encryption_microservice/internal/modules/encryption/services/encryption_engine/encryption_engine.go:27.57,29.3 1 0
encryption_microservice/internal/modules/encryption/services/encryption_engine/encryption_engine.go:30.2,30.17 1 1
encryption_microservice/internal/modules/encryption/services/encryption_engine/encryption_engine.go:33.95,37.16 2 1
encryption_microservice/internal/modules/encryption/services/encryption_engine/encryption_engine.go:37.16,39.3 1 1
encryption_microservice/internal/modules/encryption/services/encryption_engine/encryption_engine.go:41.2,41.27 1 1
encryption_microservice/internal/modules/encryption/services/encryption_engine/encryption_engine.go:44.104,47.16 2 1
encryption_microservice/internal/modules/encryption/services/encryption_engine/encryption_engine.go:47.16,49.3 1 1
encryption_microservice/internal/modules/encryption/services/encryption_engine/encryption_engine.go:51.2,51.27 1 1
encryption_microservice/internal/modules/encryption/services/encryption_engine/encryption_engine.go:54.97,57.16 2 1
encryption_microservice/internal/modules/encryption/services/encryption_engine/encryption_engine.go:57.16,59.3 1 1
encryption_microservice/internal/modules/encryption/services/encryption_engine/encryption_engine.go:61.2,61.53 1 1
encryption_microservice/internal/modules/encryption/services/encryption_engine/encryption_engine.go:64.98,68.16 2 1
encryption_microservice/internal/modules/encryption/services/encryption_engine/encryption_engine.go:68.16,70.3 1 1
encryption_microservice/internal/modules/encryption/services/encryption_engine/encryption_engine.go:71.2,71.81 1 1
encryption_microservice/internal/modules/encryption/services/encryption_engine/encryption_engine.go:71.81,73.3 1 1
encryption_microservice/internal/modules/encryption/services/encryption_engine/encryption_engine.go:73.8,75.3 1 1
encryption_microservice/internal/modules/encryption/api/handlers/encryption_handler.go:20.26,25.2 1 1
encryption_microservice/internal/modules/encryption/api/handlers/handle_decrypt.go:14.115,19.22 3 1
encryption_microservice/internal/modules/encryption/api/handlers/handle_decrypt.go:19.22,21.3 1 1
encryption_microservice/internal/modules/encryption/api/handlers/handle_decrypt.go:23.2,27.22 4 1
encryption_microservice/internal/modules/encryption/api/handlers/handle_decrypt.go:27.22,29.3 1 1
encryption_microservice/internal/modules/encryption/api/handlers/handle_decrypt.go:31.2,32.55 2 1
encryption_microservice/internal/modules/encryption/api/handlers/handle_encrypt.go:13.123,17.22 3 1
encryption_microservice/internal/modules/encryption/api/handlers/handle_encrypt.go:17.22,19.3 1 1
encryption_microservice/internal/modules/encryption/api/handlers/handle_encrypt.go:21.2,29.22 4 1
encryption_microservice/internal/modules/encryption/api/handlers/handle_encrypt.go:29.22,31.3 1 1
encryption_microservice/internal/modules/encryption/api/handlers/handle_encrypt.go:33.2,36.8 2 1
encryption_microservice/internal/modules/encryption/api/handlers/handle_generate_edek.go:13.130,17.22 3 1
encryption_microservice/internal/modules/encryption/api/handlers/handle_generate_edek.go:17.22,19.3 1 1
encryption_microservice/internal/modules/encryption/api/handlers/handle_generate_edek.go:22.2,23.22 2 1
encryption_microservice/internal/modules/encryption/api/handlers/handle_generate_edek.go:23.22,25.3 1 1
encryption_microservice/internal/modules/encryption/api/handlers/handle_generate_edek.go:27.2,30.117 2 1
encryption_microservice/internal/modules/encryption/api/handlers/handle_generate_edek.go:30.117,32.3 1 1
encryption_microservice/internal/modules/encryption/api/handlers/handle_generate_edek.go:34.2,37.8 1 1
encryption_microservice/internal/modules/encryption/api/handlers/handle_health.go:8.66,13.2 1 1
encryption_microservice/pkg/kms/hashicorp.go:24.53,32.16 6 1
encryption_microservice/pkg/kms/hashicorp.go:32.16,34.3 1 0
encryption_microservice/pkg/kms/hashicorp.go:37.2,41.3 2 1
encryption_microservice/pkg/kms/hashicorp.go:45.83,47.2 1 1
encryption_microservice/pkg/kms/hashicorp.go:50.79,60.16 5 1
encryption_microservice/pkg/kms/hashicorp.go:60.16,62.3 1 0
encryption_microservice/pkg/kms/hashicorp.go:63.2,63.12 1 1
encryption_microservice/pkg/kms/hashicorp.go:67.80,70.16 3 1
encryption_microservice/pkg/kms/hashicorp.go:70.16,72.3 1 0
encryption_microservice/pkg/kms/hashicorp.go:74.2,74.41 1 1
encryption_microservice/pkg/kms/hashicorp.go:74.41,76.3 1 0
encryption_microservice/pkg/kms/hashicorp.go:78.2,79.9 2 1
encryption_microservice/pkg/kms/hashicorp.go:79.9,81.3 1 0
encryption_microservice/pkg/kms/hashicorp.go:83.2,84.9 2 1
encryption_microservice/pkg/kms/hashicorp.go:84.9,86.3 1 0
encryption_microservice/pkg/kms/hashicorp.go:88.2,89.16 2 1
encryption_microservice/pkg/kms/hashicorp.go:89.16,91.3 1 0
encryption_microservice/pkg/kms/hashicorp.go:93.2,93.21 1 1
