mode: set
Document-Processing/cmd/server/main.go:15.13,18.15 2 0
Document-Processing/cmd/server/main.go:18.15,20.3 1 0
Document-Processing/cmd/server/main.go:22.2,25.16 3 0
Document-Processing/cmd/server/main.go:25.16,27.3 1 0
Document-Processing/cmd/server/main.go:29.2,30.16 2 0
Document-Processing/cmd/server/main.go:30.16,32.3 1 0
Document-Processing/cmd/server/main.go:34.2,38.16 3 0
Document-Processing/cmd/server/main.go:38.16,40.3 1 0
Document-Processing/cmd/server/main.go:43.2,47.12 3 0
Document-Processing/cmd/server/main.go:47.12,48.50 1 0
Document-Processing/cmd/server/main.go:48.50,51.4 2 0
Document-Processing/cmd/server/main.go:55.2,59.42 3 0
Document-Processing/cmd/server/main.go:59.42,61.3 1 0
Document-Processing/cmd/server/main.go:63.2,63.41 1 0
Document-Processing/internal/di/container.go:20.59,28.16 2 0
Document-Processing/internal/di/container.go:28.16,30.3 1 0
Document-Processing/internal/di/container.go:32.2,33.16 2 0
Document-Processing/internal/di/container.go:33.16,35.3 1 0
Document-Processing/internal/di/container.go:38.2,42.16 3 0
Document-Processing/internal/di/container.go:42.16,44.3 1 0
Document-Processing/internal/di/container.go:47.2,64.8 6 0
Document-Processing/internal/di/container.go:68.35,69.74 1 0
Document-Processing/internal/di/container.go:69.74,70.67 1 0
Document-Processing/internal/di/container.go:70.67,72.4 1 0
Document-Processing/internal/di/container.go:74.2,74.12 1 0
Document-Processing/internal/grpc/server.go:22.34,33.2 3 0
Document-Processing/internal/grpc/server.go:35.32,41.16 4 0
Document-Processing/internal/grpc/server.go:41.16,43.3 1 0
Document-Processing/internal/grpc/server.go:46.2,46.12 1 0
Document-Processing/internal/grpc/server.go:46.12,52.3 5 0
Document-Processing/internal/grpc/server.go:54.2,57.48 2 0
Document-Processing/internal/grpc/server.go:57.48,59.3 1 0
Document-Processing/internal/grpc/server.go:61.2,61.12 1 0
Document-Processing/internal/grpc/server.go:64.25,65.25 1 0
Document-Processing/internal/grpc/server.go:65.25,68.3 2 0
Document-Processing/internal/grpc/server.go:71.127,78.2 2 0
Document-Processing/internal/config/config.go:35.65,40.16 5 1
Document-Processing/internal/config/config.go:40.16,42.3 1 0
Document-Processing/internal/config/config.go:43.2,46.16 3 1
Document-Processing/internal/config/config.go:46.16,48.3 1 0
Document-Processing/internal/config/config.go:49.2,52.16 3 1
Document-Processing/internal/config/config.go:52.16,54.3 1 0
Document-Processing/internal/config/config.go:56.2,57.58 2 1
Document-Processing/internal/config/config.go:57.58,59.3 1 0
Document-Processing/internal/config/config.go:61.2,61.29 1 1
Document-Processing/internal/config/config.go:65.57,81.35 2 1
Document-Processing/internal/config/config.go:81.35,82.22 1 1
Document-Processing/internal/config/config.go:82.22,84.4 1 1
Document-Processing/internal/config/config.go:88.2,90.29 3 1
Document-Processing/internal/config/config.go:90.29,92.3 1 1
Document-Processing/internal/config/config.go:94.2,106.8 1 1
Document-Processing/pkg/yugabytedb/yugabyte_init.go:13.105,24.16 3 0
Document-Processing/pkg/yugabytedb/yugabyte_init.go:24.16,26.3 1 0
Document-Processing/pkg/yugabytedb/yugabyte_init.go:28.2,28.63 1 0
Document-Processing/pkg/yugabytedb/yugabyte_init.go:28.63,30.3 1 0
Document-Processing/pkg/yugabytedb/yugabyte_init.go:32.2,33.16 2 0
Document-Processing/pkg/yugabytedb/yugabyte_init.go:36.42,37.42 1 0
Document-Processing/pkg/yugabytedb/yugabyte_init.go:37.42,39.3 1 0
Document-Processing/pkg/yugabytedb/yugabyte_init.go:40.2,40.17 1 0
Document-Processing/proto/service.pb.go:46.86,50.2 3 0
Document-Processing/proto/service.pb.go:52.60,54.2 1 0
Document-Processing/proto/service.pb.go:56.83,58.2 1 0
Document-Processing/proto/service.pb.go:60.71,62.2 1 0
Document-Processing/proto/service.pb.go:64.77,66.2 1 0
Document-Processing/proto/service.pb.go:69.75,71.2 1 0
Document-Processing/proto/service.pb.go:81.38,86.2 4 0
Document-Processing/proto/service.pb.go:88.46,90.2 1 0
Document-Processing/proto/service.pb.go:92.44,92.45 0 0
Document-Processing/proto/service.pb.go:94.66,96.14 2 0
Document-Processing/proto/service.pb.go:96.14,98.34 2 0
Document-Processing/proto/service.pb.go:98.34,100.4 1 0
Document-Processing/proto/service.pb.go:101.3,101.12 1 0
Document-Processing/proto/service.pb.go:103.2,103.24 1 0
Document-Processing/proto/service.pb.go:107.57,109.2 1 0
Document-Processing/proto/service.pb.go:111.50,112.14 1 0
Document-Processing/proto/service.pb.go:112.14,114.3 1 0
Document-Processing/proto/service.pb.go:115.2,115.11 1 0
Document-Processing/proto/service.pb.go:126.39,131.2 4 0
Document-Processing/proto/service.pb.go:133.47,135.2 1 0
Document-Processing/proto/service.pb.go:137.45,137.46 0 0
Document-Processing/proto/service.pb.go:139.67,141.14 2 0
Document-Processing/proto/service.pb.go:141.14,143.34 2 0
Document-Processing/proto/service.pb.go:143.34,145.4 1 0
Document-Processing/proto/service.pb.go:146.3,146.12 1 0
Document-Processing/proto/service.pb.go:148.2,148.24 1 0
Document-Processing/proto/service.pb.go:152.58,154.2 1 0
Document-Processing/proto/service.pb.go:156.77,157.14 1 0
Document-Processing/proto/service.pb.go:157.14,159.3 1 0
Document-Processing/proto/service.pb.go:160.2,160.36 1 0
Document-Processing/proto/service.pb.go:172.41,177.2 4 0
Document-Processing/proto/service.pb.go:179.49,181.2 1 0
Document-Processing/proto/service.pb.go:183.47,183.48 0 0
Document-Processing/proto/service.pb.go:185.69,187.14 2 0
Document-Processing/proto/service.pb.go:187.14,189.34 2 0
Document-Processing/proto/service.pb.go:189.34,191.4 1 0
Document-Processing/proto/service.pb.go:192.3,192.12 1 0
Document-Processing/proto/service.pb.go:194.2,194.24 1 0
Document-Processing/proto/service.pb.go:198.60,200.2 1 0
Document-Processing/proto/service.pb.go:202.53,203.14 1 0
Document-Processing/proto/service.pb.go:203.14,205.3 1 0
Document-Processing/proto/service.pb.go:206.2,206.12 1 0
Document-Processing/proto/service.pb.go:209.64,210.14 1 0
Document-Processing/proto/service.pb.go:210.14,212.3 1 0
Document-Processing/proto/service.pb.go:213.2,213.12 1 0
Document-Processing/proto/service.pb.go:225.28,230.2 4 0
Document-Processing/proto/service.pb.go:232.36,234.2 1 0
Document-Processing/proto/service.pb.go:236.34,236.35 0 0
Document-Processing/proto/service.pb.go:238.56,240.14 2 0
Document-Processing/proto/service.pb.go:240.14,242.34 2 0
Document-Processing/proto/service.pb.go:242.34,244.4 1 0
Document-Processing/proto/service.pb.go:245.3,245.12 1 0
Document-Processing/proto/service.pb.go:247.2,247.24 1 0
Document-Processing/proto/service.pb.go:251.47,253.2 1 0
Document-Processing/proto/service.pb.go:255.43,256.14 1 0
Document-Processing/proto/service.pb.go:256.14,258.3 1 0
Document-Processing/proto/service.pb.go:259.2,259.11 1 0
Document-Processing/proto/service.pb.go:262.41,263.14 1 0
Document-Processing/proto/service.pb.go:263.14,265.3 1 0
Document-Processing/proto/service.pb.go:266.2,266.11 1 0
Document-Processing/proto/service.pb.go:279.46,284.2 4 0
Document-Processing/proto/service.pb.go:286.54,288.2 1 0
Document-Processing/proto/service.pb.go:290.52,290.53 0 0
Document-Processing/proto/service.pb.go:292.74,294.14 2 0
Document-Processing/proto/service.pb.go:294.14,296.34 2 0
Document-Processing/proto/service.pb.go:296.34,298.4 1 0
Document-Processing/proto/service.pb.go:299.3,299.12 1 0
Document-Processing/proto/service.pb.go:301.2,301.24 1 0
Document-Processing/proto/service.pb.go:305.65,307.2 1 0
Document-Processing/proto/service.pb.go:309.74,310.14 1 0
Document-Processing/proto/service.pb.go:310.14,312.3 1 0
Document-Processing/proto/service.pb.go:313.2,313.12 1 0
Document-Processing/proto/service.pb.go:316.58,317.14 1 0
Document-Processing/proto/service.pb.go:317.14,319.3 1 0
Document-Processing/proto/service.pb.go:320.2,320.11 1 0
Document-Processing/proto/service.pb.go:323.61,324.14 1 0
Document-Processing/proto/service.pb.go:324.14,326.3 1 0
Document-Processing/proto/service.pb.go:327.2,327.11 1 0
Document-Processing/proto/service.pb.go:341.38,346.2 4 0
Document-Processing/proto/service.pb.go:348.46,350.2 1 0
Document-Processing/proto/service.pb.go:352.44,352.45 0 0
Document-Processing/proto/service.pb.go:354.66,356.14 2 0
Document-Processing/proto/service.pb.go:356.14,358.34 2 0
Document-Processing/proto/service.pb.go:358.34,360.4 1 0
Document-Processing/proto/service.pb.go:361.3,361.12 1 0
Document-Processing/proto/service.pb.go:363.2,363.24 1 0
Document-Processing/proto/service.pb.go:367.57,369.2 1 0
Document-Processing/proto/service.pb.go:371.50,372.14 1 0
Document-Processing/proto/service.pb.go:372.14,374.3 1 0
Document-Processing/proto/service.pb.go:375.2,375.11 1 0
Document-Processing/proto/service.pb.go:378.49,379.14 1 0
Document-Processing/proto/service.pb.go:379.14,381.3 1 0
Document-Processing/proto/service.pb.go:382.2,382.11 1 0
Document-Processing/proto/service.pb.go:385.50,386.14 1 0
Document-Processing/proto/service.pb.go:386.14,388.3 1 0
Document-Processing/proto/service.pb.go:389.2,389.11 1 0
Document-Processing/proto/service.pb.go:392.53,393.14 1 0
Document-Processing/proto/service.pb.go:393.14,395.3 1 0
Document-Processing/proto/service.pb.go:396.2,396.12 1 0
Document-Processing/proto/service.pb.go:407.38,412.2 4 0
Document-Processing/proto/service.pb.go:414.46,416.2 1 0
Document-Processing/proto/service.pb.go:418.44,418.45 0 0
Document-Processing/proto/service.pb.go:420.66,422.14 2 0
Document-Processing/proto/service.pb.go:422.14,424.34 2 0
Document-Processing/proto/service.pb.go:424.34,426.4 1 0
Document-Processing/proto/service.pb.go:427.3,427.12 1 0
Document-Processing/proto/service.pb.go:429.2,429.24 1 0
Document-Processing/proto/service.pb.go:433.57,435.2 1 0
Document-Processing/proto/service.pb.go:437.50,438.14 1 0
Document-Processing/proto/service.pb.go:438.14,440.3 1 0
Document-Processing/proto/service.pb.go:441.2,441.11 1 0
Document-Processing/proto/service.pb.go:455.37,460.2 4 0
Document-Processing/proto/service.pb.go:462.45,464.2 1 0
Document-Processing/proto/service.pb.go:466.43,466.44 0 0
Document-Processing/proto/service.pb.go:468.65,470.14 2 0
Document-Processing/proto/service.pb.go:470.14,472.34 2 0
Document-Processing/proto/service.pb.go:472.34,474.4 1 0
Document-Processing/proto/service.pb.go:475.3,475.12 1 0
Document-Processing/proto/service.pb.go:477.2,477.24 1 0
Document-Processing/proto/service.pb.go:481.56,483.2 1 0
Document-Processing/proto/service.pb.go:485.48,486.14 1 0
Document-Processing/proto/service.pb.go:486.14,488.3 1 0
Document-Processing/proto/service.pb.go:489.2,489.11 1 0
Document-Processing/proto/service.pb.go:492.49,493.14 1 0
Document-Processing/proto/service.pb.go:493.14,495.3 1 0
Document-Processing/proto/service.pb.go:496.2,496.11 1 0
Document-Processing/proto/service.pb.go:499.66,500.14 1 0
Document-Processing/proto/service.pb.go:500.14,502.3 1 0
Document-Processing/proto/service.pb.go:503.2,503.12 1 0
Document-Processing/proto/service.pb.go:506.53,507.14 1 0
Document-Processing/proto/service.pb.go:507.14,509.3 1 0
Document-Processing/proto/service.pb.go:510.2,510.10 1 0
Document-Processing/proto/service.pb.go:524.47,529.2 4 0
Document-Processing/proto/service.pb.go:531.55,533.2 1 0
Document-Processing/proto/service.pb.go:535.53,535.54 0 0
Document-Processing/proto/service.pb.go:537.75,539.14 2 0
Document-Processing/proto/service.pb.go:539.14,541.34 2 0
Document-Processing/proto/service.pb.go:541.34,543.4 1 0
Document-Processing/proto/service.pb.go:544.3,544.12 1 0
Document-Processing/proto/service.pb.go:546.2,546.24 1 0
Document-Processing/proto/service.pb.go:550.66,552.2 1 0
Document-Processing/proto/service.pb.go:554.57,555.14 1 0
Document-Processing/proto/service.pb.go:555.14,557.3 1 0
Document-Processing/proto/service.pb.go:558.2,558.14 1 0
Document-Processing/proto/service.pb.go:561.59,562.14 1 0
Document-Processing/proto/service.pb.go:562.14,564.3 1 0
Document-Processing/proto/service.pb.go:565.2,565.11 1 0
Document-Processing/proto/service.pb.go:568.80,569.14 1 0
Document-Processing/proto/service.pb.go:569.14,571.3 1 0
Document-Processing/proto/service.pb.go:572.2,572.12 1 0
Document-Processing/proto/service.pb.go:575.61,576.14 1 0
Document-Processing/proto/service.pb.go:576.14,578.3 1 0
Document-Processing/proto/service.pb.go:579.2,579.11 1 0
Document-Processing/proto/service.pb.go:695.52,696.49 1 0
Document-Processing/proto/service.pb.go:696.49,698.3 1 0
Document-Processing/proto/service.pb.go:699.2,699.45 1 0
Document-Processing/proto/service.pb.go:736.13,736.48 1 0
Document-Processing/proto/service.pb.go:737.38,738.37 1 0
Document-Processing/proto/service.pb.go:738.37,740.3 1 0
Document-Processing/proto/service.pb.go:741.2,758.40 5 0
Document-Processing/proto/service_grpc.pb.go:38.78,40.2 1 0
Document-Processing/proto/service_grpc.pb.go:42.137,46.16 4 0
Document-Processing/proto/service_grpc.pb.go:46.16,48.3 1 0
Document-Processing/proto/service_grpc.pb.go:49.2,49.17 1 0
Document-Processing/proto/service_grpc.pb.go:69.115,71.2 1 0
Document-Processing/proto/service_grpc.pb.go:72.86,72.87 0 0
Document-Processing/proto/service_grpc.pb.go:73.86,73.87 0 0
Document-Processing/proto/service_grpc.pb.go:82.84,87.59 1 0
Document-Processing/proto/service_grpc.pb.go:87.59,89.3 1 0
Document-Processing/proto/service_grpc.pb.go:90.2,90.52 1 0
Document-Processing/proto/service_grpc.pb.go:93.164,95.32 2 0
Document-Processing/proto/service_grpc.pb.go:95.32,97.3 1 0
Document-Processing/proto/service_grpc.pb.go:98.2,98.24 1 0
Document-Processing/proto/service_grpc.pb.go:98.24,100.3 1 0
Document-Processing/proto/service_grpc.pb.go:101.2,105.77 2 0
Document-Processing/proto/service_grpc.pb.go:105.77,107.3 1 0
Document-Processing/proto/service_grpc.pb.go:108.2,108.44 1 0
Document-Processing/proto/service_grpc.pb.go:147.106,149.2 1 0
Document-Processing/proto/service_grpc.pb.go:151.172,155.16 4 0
Document-Processing/proto/service_grpc.pb.go:155.16,157.3 1 0
Document-Processing/proto/service_grpc.pb.go:158.2,158.17 1 0
Document-Processing/proto/service_grpc.pb.go:161.170,165.16 4 0
Document-Processing/proto/service_grpc.pb.go:165.16,167.3 1 0
Document-Processing/proto/service_grpc.pb.go:168.2,168.17 1 0
Document-Processing/proto/service_grpc.pb.go:190.150,192.2 1 0
Document-Processing/proto/service_grpc.pb.go:193.148,195.2 1 0
Document-Processing/proto/service_grpc.pb.go:196.114,197.2 0 0
Document-Processing/proto/service_grpc.pb.go:198.78,198.79 0 0
Document-Processing/proto/service_grpc.pb.go:207.112,212.59 1 0
Document-Processing/proto/service_grpc.pb.go:212.59,214.3 1 0
Document-Processing/proto/service_grpc.pb.go:215.2,215.66 1 0
Document-Processing/proto/service_grpc.pb.go:218.192,220.32 2 0
Document-Processing/proto/service_grpc.pb.go:220.32,222.3 1 0
Document-Processing/proto/service_grpc.pb.go:223.2,223.24 1 0
Document-Processing/proto/service_grpc.pb.go:223.24,225.3 1 0
Document-Processing/proto/service_grpc.pb.go:226.2,230.77 2 0
Document-Processing/proto/service_grpc.pb.go:230.77,232.3 1 0
Document-Processing/proto/service_grpc.pb.go:233.2,233.44 1 0
Document-Processing/proto/service_grpc.pb.go:236.189,238.32 2 0
Document-Processing/proto/service_grpc.pb.go:238.32,240.3 1 0
Document-Processing/proto/service_grpc.pb.go:241.2,241.24 1 0
Document-Processing/proto/service_grpc.pb.go:241.24,243.3 1 0
Document-Processing/proto/service_grpc.pb.go:244.2,248.77 2 0
Document-Processing/proto/service_grpc.pb.go:248.77,250.3 1 0
Document-Processing/proto/service_grpc.pb.go:251.2,251.44 1 0
Document-Processing/internal/handlers/document_handler.go:21.91,25.2 1 1
Document-Processing/internal/handlers/document_handler.go:28.136,31.2 2 1
Document-Processing/internal/handlers/document_handler.go:34.134,37.2 2 1
Document-Processing/internal/handlers/health_handler.go:15.40,17.2 1 1
Document-Processing/internal/handlers/health_handler.go:19.113,24.23 2 1
Document-Processing/internal/handlers/health_handler.go:24.23,28.3 1 1
Document-Processing/internal/handlers/health_handler.go:31.2,31.67 1 1
Document-Processing/internal/handlers/health_handler.go:31.67,35.3 1 1
Document-Processing/internal/handlers/health_handler.go:38.2,40.8 1 1
Document-Processing/internal/repository/minio_repository.go:21.102,27.16 2 1
Document-Processing/internal/repository/minio_repository.go:27.16,29.3 1 0
Document-Processing/internal/repository/minio_repository.go:32.2,40.16 4 1
Document-Processing/internal/repository/minio_repository.go:40.16,42.3 1 1
Document-Processing/internal/repository/minio_repository.go:44.2,44.13 1 1
Document-Processing/internal/repository/minio_repository.go:44.13,46.17 2 0
Document-Processing/internal/repository/minio_repository.go:46.17,48.4 1 0
Document-Processing/internal/repository/minio_repository.go:51.2,51.18 1 1
Document-Processing/internal/repository/minio_repository.go:55.108,66.16 4 1
Document-Processing/internal/repository/minio_repository.go:66.16,68.3 1 0
Document-Processing/internal/repository/minio_repository.go:71.2,72.16 2 1
Document-Processing/internal/repository/minio_repository.go:72.16,74.3 1 0
Document-Processing/internal/repository/minio_repository.go:76.2,76.26 1 1
Document-Processing/internal/repository/minio_repository.go:80.89,82.16 2 1
Document-Processing/internal/repository/minio_repository.go:82.16,84.3 1 0
Document-Processing/internal/repository/minio_repository.go:85.2,88.16 3 1
Document-Processing/internal/repository/minio_repository.go:88.16,90.3 1 0
Document-Processing/internal/repository/minio_repository.go:92.2,92.18 1 1
Document-Processing/internal/repository/minio_repository.go:97.81,100.20 2 1
Document-Processing/internal/repository/minio_repository.go:100.20,102.3 1 1
Document-Processing/internal/repository/minio_repository.go:105.2,110.16 4 1
Document-Processing/internal/repository/minio_repository.go:110.16,112.3 1 1
Document-Processing/internal/repository/minio_repository.go:115.2,116.16 2 1
Document-Processing/internal/repository/minio_repository.go:116.16,118.3 1 0
Document-Processing/internal/repository/minio_repository.go:120.2,120.12 1 1
Document-Processing/internal/repository/yugabyte_repository.go:18.68,20.2 1 1
Document-Processing/internal/repository/yugabyte_repository.go:22.110,24.25 2 1
Document-Processing/internal/repository/yugabyte_repository.go:24.25,26.3 1 1
Document-Processing/internal/repository/yugabyte_repository.go:27.2,27.18 1 1
Document-Processing/internal/repository/yugabyte_repository.go:30.95,33.25 3 1
Document-Processing/internal/repository/yugabyte_repository.go:33.25,35.3 1 1
Document-Processing/internal/repository/yugabyte_repository.go:36.2,36.23 1 1
Document-Processing/internal/utils/utils.go:12.72,15.16 2 1
Document-Processing/internal/utils/utils.go:15.16,17.3 1 0
Document-Processing/internal/utils/utils.go:20.2,24.58 3 1
Document-Processing/internal/utils/utils.go:24.58,27.3 2 0
Document-Processing/internal/utils/utils.go:30.2,31.18 2 1
Document-Processing/internal/utils/utils.go:32.19,33.14 1 1
Document-Processing/internal/utils/utils.go:34.33,35.14 1 1
Document-Processing/internal/utils/utils.go:36.25,37.14 1 1
Document-Processing/internal/utils/utils.go:38.10,39.14 1 1
Document-Processing/internal/utils/utils.go:43.2,50.59 4 1
Document-Processing/internal/utils/utils.go:50.59,53.3 2 0
Document-Processing/internal/utils/utils.go:55.2,56.22 2 1
Document-Processing/internal/utils/utils.go:59.59,65.31 2 1
Document-Processing/internal/utils/utils.go:65.31,67.3 1 1
Document-Processing/internal/utils/utils.go:69.2,77.31 2 1
Document-Processing/internal/utils/utils.go:77.31,79.25 2 1
Document-Processing/internal/utils/utils.go:79.25,81.4 1 1
Document-Processing/internal/utils/utils.go:82.3,82.79 1 1
Document-Processing/internal/utils/utils.go:85.2,103.15 2 1
