mode: set
protected_link/internal/configs/config.go:35.36,59.2 3 0
protected_link/internal/configs/config.go:62.46,64.17 2 0
protected_link/internal/configs/config.go:64.17,66.3 1 0
protected_link/internal/configs/config.go:67.2,67.14 1 0
protected_link/internal/modules/authentication/moudle.go:15.100,23.2 4 0
protected_link/cmd/server/main.go:9.13,13.16 3 0
protected_link/cmd/server/main.go:13.16,15.3 1 0
protected_link/cmd/server/main.go:17.2,17.42 1 0
protected_link/cmd/server/main.go:17.42,19.3 1 0
protected_link/cmd/server/main.go:21.2,21.23 1 0
protected_link/internal/common/api/middlewares/app_middleware.go:12.45,13.34 1 0
protected_link/internal/common/api/middlewares/app_middleware.go:13.34,17.37 2 0
protected_link/internal/common/api/middlewares/app_middleware.go:17.37,19.4 1 0
protected_link/internal/common/api/middlewares/app_middleware.go:22.3,22.70 1 0
protected_link/internal/common/api/middlewares/app_middleware.go:22.70,24.51 1 0
protected_link/internal/common/api/middlewares/app_middleware.go:24.51,32.5 1 0
protected_link/internal/common/api/middlewares/app_middleware.go:35.4,36.46 2 0
protected_link/internal/common/api/middlewares/app_middleware.go:36.46,41.5 1 0
protected_link/internal/common/api/middlewares/app_middleware.go:45.3,45.18 1 0
protected_link/internal/common/api/middlewares/dto_validator.go:15.67,16.34 1 0
protected_link/internal/common/api/middlewares/dto_validator.go:16.34,20.43 2 0
protected_link/internal/common/api/middlewares/dto_validator.go:20.43,28.4 1 0
protected_link/internal/common/api/middlewares/dto_validator.go:31.3,31.46 1 0
protected_link/internal/common/api/middlewares/dto_validator.go:31.46,33.55 2 0
protected_link/internal/common/api/middlewares/dto_validator.go:33.55,35.20 2 0
protected_link/internal/common/api/middlewares/dto_validator.go:36.21,37.42 1 0
protected_link/internal/common/api/middlewares/dto_validator.go:38.18,39.58 1 0
protected_link/internal/common/api/middlewares/dto_validator.go:40.13,41.49 1 0
protected_link/internal/common/api/middlewares/dto_validator.go:44.5,47.7 1 0
protected_link/internal/common/api/middlewares/dto_validator.go:50.4,54.6 1 0
protected_link/internal/common/api/middlewares/dto_validator.go:57.3,58.18 2 0
protected_link/internal/common/api/middlewares/recover.go:13.41,14.34 1 0
protected_link/internal/common/api/middlewares/recover.go:14.34,15.16 1 0
protected_link/internal/common/api/middlewares/recover.go:15.16,16.32 1 0
protected_link/internal/common/api/middlewares/recover.go:16.32,27.5 4 0
protected_link/internal/common/api/middlewares/recover.go:29.3,29.18 1 0
protected_link/internal/common/utils/message_utility.go:16.21,17.17 1 0
protected_link/internal/common/utils/message_utility.go:17.17,23.14 4 0
protected_link/internal/common/utils/message_utility.go:24.17,25.61 1 0
protected_link/internal/common/utils/message_utility.go:26.11,29.63 3 0
protected_link/internal/common/utils/message_utility.go:32.3,33.17 2 0
protected_link/internal/common/utils/message_utility.go:33.17,35.4 1 0
protected_link/internal/common/utils/message_utility.go:36.3,40.17 4 0
protected_link/internal/common/utils/message_utility.go:40.17,42.4 1 0
protected_link/internal/common/utils/message_utility.go:47.36,49.34 1 0
protected_link/internal/common/utils/message_utility.go:49.34,51.3 1 0
protected_link/internal/common/utils/message_utility.go:52.2,52.44 1 0
protected_link/internal/common/utils/message_utility.go:56.54,58.2 1 0
protected_link/internal/modules/link_generation/moudle.go:18.110,20.16 2 0
protected_link/internal/modules/link_generation/moudle.go:20.16,23.3 2 0
protected_link/internal/modules/link_generation/moudle.go:25.2,30.8 3 0
protected_link/internal/modules/authentication/api/utils/utils.go:10.27,14.2 3 0
protected_link/internal/modules/authentication/utils/utils.go:10.50,11.17 1 0
protected_link/internal/modules/authentication/utils/utils.go:11.17,13.3 1 0
protected_link/internal/modules/authentication/utils/utils.go:15.2,16.16 2 0
protected_link/internal/modules/authentication/utils/utils.go:16.16,18.3 1 0
protected_link/internal/modules/authentication/utils/utils.go:20.2,21.16 2 0
protected_link/internal/modules/authentication/utils/utils.go:21.16,23.3 1 0
protected_link/internal/modules/authentication/utils/utils.go:25.2,25.23 1 0
protected_link/internal/modules/link_generation/apis/dtos/josnb.go:11.44,12.24 1 0
protected_link/internal/modules/link_generation/apis/dtos/josnb.go:16.46,18.2 1 0
protected_link/internal/modules/link_generation/apis/dtos/josnb.go:21.47,23.9 2 0
protected_link/internal/modules/link_generation/apis/dtos/josnb.go:23.9,25.3 1 0
protected_link/internal/modules/link_generation/apis/dtos/josnb.go:26.2,26.33 1 0
protected_link/internal/modules/link_generation/apis/dtos/josnb.go:28.52,31.16 2 0
protected_link/internal/modules/link_generation/apis/dtos/josnb.go:31.16,33.3 1 0
protected_link/internal/modules/link_generation/apis/dtos/josnb.go:37.2,38.16 2 0
protected_link/internal/modules/link_generation/apis/dtos/josnb.go:38.16,40.3 1 0
protected_link/internal/modules/link_generation/apis/dtos/josnb.go:41.2,41.12 1 0
protected_link/internal/modules/link_generation/apis/enums/enums.go:13.38,19.2 1 0
protected_link/internal/modules/link_generation/apis/enums/enums.go:31.33,37.2 1 0
protected_link/internal/modules/authentication/api/handlers/auth_handler.go:24.82,29.2 1 1
protected_link/internal/modules/authentication/api/handlers/auth_handler.go:32.117,33.47 1 1
protected_link/internal/modules/authentication/api/handlers/auth_handler.go:33.47,35.3 1 1
protected_link/internal/modules/authentication/api/handlers/auth_handler.go:37.2,38.63 2 1
protected_link/internal/modules/authentication/api/handlers/auth_handler.go:38.63,40.3 1 1
protected_link/internal/modules/authentication/api/handlers/auth_handler.go:42.2,43.16 2 1
protected_link/internal/modules/authentication/api/handlers/auth_handler.go:43.16,45.3 1 1
protected_link/internal/modules/authentication/api/handlers/auth_handler.go:47.2,47.45 1 1
protected_link/internal/modules/authentication/api/handlers/auth_handler.go:51.73,52.16 1 1
protected_link/internal/modules/authentication/api/handlers/auth_handler.go:52.16,54.3 1 1
protected_link/internal/modules/authentication/api/handlers/auth_handler.go:55.2,55.12 1 1
protected_link/internal/modules/authentication/api/handlers/auth_handler.go:59.97,65.2 1 1
protected_link/internal/modules/authentication/api/handlers/auth_handler.go:68.83,70.40 2 1
protected_link/internal/modules/authentication/api/handlers/auth_handler.go:70.40,72.3 1 1
protected_link/internal/modules/authentication/api/handlers/auth_handler.go:73.2,73.12 1 1
protected_link/internal/modules/authentication/api/handlers/auth_handler.go:77.78,83.2 1 1
protected_link/internal/modules/authentication/api/handlers/auth_handler.go:86.104,100.2 2 1
protected_link/internal/modules/authentication/api/handlers/auth_handler.go:103.78,104.17 1 1
protected_link/internal/modules/authentication/api/handlers/auth_handler.go:104.17,106.3 1 1
protected_link/internal/modules/authentication/api/handlers/auth_handler.go:108.2,108.26 1 1
protected_link/internal/modules/authentication/api/handlers/auth_handler.go:109.25,110.11 1 1
protected_link/internal/modules/authentication/api/handlers/auth_handler.go:111.30,112.42 1 1
protected_link/internal/modules/authentication/api/handlers/auth_handler.go:113.10,114.35 1 1
protected_link/internal/modules/authentication/api/handlers/auth_handler.go:119.99,121.32 2 1
protected_link/internal/modules/authentication/api/handlers/auth_handler.go:121.32,123.3 1 1
protected_link/internal/modules/authentication/api/handlers/auth_handler.go:124.2,124.15 1 1
protected_link/internal/modules/authentication/api/handlers/auth_handler.go:128.77,132.31 3 1
protected_link/internal/modules/authentication/api/handlers/auth_handler.go:132.31,134.3 1 1
protected_link/internal/modules/authentication/api/handlers/auth_handler.go:136.2,136.34 1 1
protected_link/internal/modules/authentication/api/handlers/auth_handler.go:136.34,138.3 1 1
protected_link/internal/modules/authentication/api/handlers/auth_handler.go:140.2,141.38 2 1
protected_link/internal/modules/authentication/api/handlers/auth_handler.go:141.38,144.26 2 1
protected_link/internal/modules/authentication/api/handlers/auth_handler.go:144.26,145.12 1 1
protected_link/internal/modules/authentication/api/handlers/auth_handler.go:147.3,147.35 1 1
protected_link/internal/modules/authentication/api/handlers/auth_handler.go:147.35,148.12 1 0
protected_link/internal/modules/authentication/api/handlers/auth_handler.go:151.3,152.30 2 1
protected_link/internal/modules/authentication/api/handlers/auth_handler.go:152.30,154.4 1 0
protected_link/internal/modules/authentication/api/handlers/auth_handler.go:156.3,157.41 2 1
protected_link/internal/modules/authentication/api/handlers/auth_handler.go:159.2,159.15 1 1
protected_link/internal/modules/authentication/api/handlers/auth_handler.go:163.76,164.16 1 1
protected_link/internal/modules/authentication/api/handlers/auth_handler.go:164.16,166.3 1 1
protected_link/internal/modules/authentication/api/handlers/auth_handler.go:168.2,168.25 1 1
protected_link/internal/modules/authentication/api/handlers/auth_handler.go:169.25,170.11 1 1
protected_link/internal/modules/authentication/api/handlers/auth_handler.go:171.13,172.32 1 1
protected_link/internal/modules/authentication/api/handlers/auth_handler.go:173.10,174.29 1 0
protected_link/internal/modules/authentication/services/auth_service.go:45.26,47.16 2 1
protected_link/internal/modules/authentication/services/auth_service.go:47.16,50.3 2 0
protected_link/internal/modules/authentication/services/auth_service.go:52.2,56.3 1 1
protected_link/internal/modules/authentication/services/auth_service.go:64.111,65.23 1 1
protected_link/internal/modules/authentication/services/auth_service.go:65.23,67.3 1 1
protected_link/internal/modules/authentication/services/auth_service.go:69.2,70.16 2 1
protected_link/internal/modules/authentication/services/auth_service.go:70.16,72.3 1 1
protected_link/internal/modules/authentication/services/auth_service.go:74.2,74.18 1 1
protected_link/internal/modules/authentication/services/auth_service.go:78.131,79.22 1 1
protected_link/internal/modules/authentication/services/auth_service.go:79.22,81.3 1 1
protected_link/internal/modules/authentication/services/auth_service.go:83.2,83.20 1 1
protected_link/internal/modules/authentication/services/auth_service.go:83.20,85.3 1 1
protected_link/internal/modules/authentication/services/auth_service.go:87.2,91.16 4 1
protected_link/internal/modules/authentication/services/auth_service.go:91.16,93.3 1 1
protected_link/internal/modules/authentication/services/auth_service.go:95.2,95.17 1 1
protected_link/internal/modules/authentication/services/auth_service.go:99.117,100.22 1 1
protected_link/internal/modules/authentication/services/auth_service.go:100.22,102.3 1 1
protected_link/internal/modules/authentication/services/auth_service.go:104.2,104.20 1 1
protected_link/internal/modules/authentication/services/auth_service.go:104.20,106.3 1 1
protected_link/internal/modules/authentication/services/auth_service.go:108.2,109.16 2 1
protected_link/internal/modules/authentication/services/auth_service.go:109.16,111.3 1 1
protected_link/internal/modules/authentication/services/auth_service.go:113.2,113.20 1 1
protected_link/internal/modules/authentication/messaging/kafka_event_service.go:22.74,24.2 1 1
protected_link/internal/modules/authentication/messaging/kafka_event_service.go:26.96,30.16 3 1
protected_link/internal/modules/authentication/messaging/kafka_event_service.go:30.16,33.3 2 0
protected_link/internal/modules/authentication/messaging/kafka_event_service.go:35.2,36.16 2 1
protected_link/internal/modules/authentication/messaging/kafka_event_service.go:36.16,39.3 2 1
protected_link/internal/modules/authentication/messaging/kafka_event_service.go:41.2,42.12 2 1
protected_link/internal/modules/cassandra/infrastructure/cassandra_repository.go:24.79,26.2 1 1
protected_link/internal/modules/cassandra/infrastructure/cassandra_repository.go:34.86,36.2 1 1
protected_link/internal/modules/cassandra/infrastructure/cassandra_repository.go:40.94,43.16 2 1
protected_link/internal/modules/cassandra/infrastructure/cassandra_repository.go:43.16,45.3 1 1
protected_link/internal/modules/cassandra/infrastructure/cassandra_repository.go:49.2,49.85 1 1
protected_link/internal/modules/cassandra/infrastructure/cassandra_repository.go:49.85,51.3 1 1
protected_link/internal/modules/cassandra/infrastructure/cassandra_repository.go:53.2,71.16 4 1
protected_link/internal/modules/cassandra/infrastructure/cassandra_repository.go:71.16,72.31 1 1
protected_link/internal/modules/cassandra/infrastructure/cassandra_repository.go:72.31,74.4 1 0
protected_link/internal/modules/cassandra/infrastructure/cassandra_repository.go:75.3,75.58 1 1
protected_link/internal/modules/cassandra/infrastructure/cassandra_repository.go:79.2,80.63 2 1
protected_link/internal/modules/cassandra/infrastructure/cassandra_repository.go:80.63,82.3 1 1
protected_link/internal/modules/cassandra/infrastructure/cassandra_repository.go:85.2,98.17 2 1
protected_link/internal/modules/cassandra/infrastructure/cassandra_repository.go:103.93,105.84 1 1
protected_link/internal/modules/cassandra/infrastructure/cassandra_repository.go:105.84,107.3 1 1
protected_link/internal/modules/cassandra/infrastructure/cassandra_repository.go:110.2,110.85 1 1
protected_link/internal/modules/cassandra/infrastructure/cassandra_repository.go:110.85,112.3 1 1
protected_link/internal/modules/cassandra/infrastructure/cassandra_repository.go:115.2,119.16 3 1
protected_link/internal/modules/cassandra/infrastructure/cassandra_repository.go:119.16,121.3 1 1
protected_link/internal/modules/cassandra/infrastructure/cassandra_repository.go:123.2,135.16 3 1
protected_link/internal/modules/cassandra/infrastructure/cassandra_repository.go:135.16,137.3 1 1
protected_link/internal/modules/cassandra/infrastructure/cassandra_repository.go:139.2,140.16 2 1
protected_link/internal/modules/cassandra/infrastructure/cassandra_repository.go:143.59,145.85 1 1
protected_link/internal/modules/cassandra/infrastructure/cassandra_repository.go:145.85,147.3 1 1
protected_link/internal/modules/cassandra/infrastructure/cassandra_repository.go:150.2,155.16 2 1
protected_link/internal/modules/cassandra/infrastructure/cassandra_repository.go:155.16,157.3 1 1
protected_link/internal/modules/cassandra/infrastructure/cassandra_repository.go:159.2,160.12 2 1
protected_link/internal/server/server.go:19.92,25.2 1 0
protected_link/internal/server/server.go:27.47,29.16 2 0
protected_link/internal/server/server.go:29.16,31.3 1 0
protected_link/internal/server/server.go:33.2,37.28 4 0
protected_link/pkg/cassandra/cassandra.go:32.80,34.2 1 0
protected_link/pkg/cassandra/cassandra.go:40.69,43.2 2 0
protected_link/pkg/cassandra/cassandra.go:45.53,47.2 1 0
protected_link/pkg/cassandra/cassandra.go:49.34,51.2 1 0
protected_link/pkg/cassandra/cassandra.go:61.74,83.35 15 0
protected_link/pkg/cassandra/cassandra.go:83.35,86.17 3 0
protected_link/pkg/cassandra/cassandra.go:86.17,91.4 2 0
protected_link/pkg/cassandra/cassandra.go:92.3,93.25 2 0
protected_link/pkg/cassandra/cassandra.go:96.2,96.96 1 0
protected_link/pkg/cassandra/cassandra.go:99.48,105.16 3 0
protected_link/pkg/cassandra/cassandra.go:105.16,108.3 2 0
protected_link/pkg/cassandra/cassandra.go:109.2,127.16 4 0
protected_link/pkg/cassandra/cassandra.go:127.16,130.3 2 0
protected_link/pkg/cassandra/cassandra.go:131.2,133.12 2 0
protected_link/pkg/cassandra/cassandra.go:136.72,140.2 1 0
protected_link/pkg/cassandra/cassandra.go:142.35,143.22 1 0
protected_link/pkg/cassandra/cassandra.go:143.22,146.3 2 0
protected_link/internal/modules/authentication/repositories/otp_repository.go:38.115,40.16 2 0
protected_link/internal/modules/authentication/repositories/otp_repository.go:40.16,43.3 2 0
protected_link/internal/modules/authentication/repositories/otp_repository.go:45.2,46.16 2 0
protected_link/internal/modules/authentication/repositories/otp_repository.go:46.16,49.3 2 0
protected_link/internal/modules/authentication/repositories/otp_repository.go:51.2,59.3 2 0
protected_link/internal/modules/authentication/repositories/otp_repository.go:63.130,64.25 1 1
protected_link/internal/modules/authentication/repositories/otp_repository.go:64.25,66.3 1 1
protected_link/internal/modules/authentication/repositories/otp_repository.go:67.2,76.35 4 1
protected_link/internal/modules/authentication/repositories/otp_repository.go:76.35,81.3 1 1
protected_link/internal/modules/authentication/repositories/otp_repository.go:81.8,86.3 1 1
protected_link/internal/modules/authentication/repositories/otp_repository.go:88.2,89.16 2 1
protected_link/internal/modules/authentication/repositories/otp_repository.go:89.16,92.3 2 0
protected_link/internal/modules/authentication/repositories/otp_repository.go:94.2,98.89 4 1
protected_link/internal/modules/authentication/repositories/otp_repository.go:98.89,101.3 2 1
protected_link/internal/modules/authentication/repositories/otp_repository.go:103.2,119.81 2 1
protected_link/internal/modules/authentication/repositories/otp_repository.go:119.81,122.3 2 1
protected_link/internal/modules/authentication/repositories/otp_repository.go:124.2,130.8 1 1
protected_link/internal/modules/authentication/repositories/otp_repository.go:134.63,136.2 1 1
protected_link/internal/modules/authentication/repositories/otp_repository.go:139.105,141.22 2 1
protected_link/internal/modules/authentication/repositories/otp_repository.go:141.22,143.3 1 1
protected_link/internal/modules/authentication/repositories/otp_repository.go:143.8,143.23 1 1
protected_link/internal/modules/authentication/repositories/otp_repository.go:143.23,145.3 1 1
protected_link/internal/modules/authentication/repositories/otp_repository.go:147.2,148.58 2 1
protected_link/internal/modules/authentication/repositories/otp_repository.go:148.58,150.3 1 1
protected_link/internal/modules/authentication/repositories/otp_repository.go:152.2,152.31 1 1
protected_link/internal/modules/authentication/repositories/otp_repository.go:152.31,154.3 1 1
protected_link/internal/modules/authentication/repositories/otp_repository.go:155.2,155.42 1 1
protected_link/internal/modules/authentication/repositories/otp_repository.go:159.138,161.9 2 1
protected_link/internal/modules/authentication/repositories/otp_repository.go:161.9,163.3 1 1
protected_link/internal/modules/authentication/repositories/otp_repository.go:165.2,166.16 2 1
protected_link/internal/modules/authentication/repositories/otp_repository.go:166.16,168.3 1 0
protected_link/internal/modules/authentication/repositories/otp_repository.go:170.2,171.60 2 1
protected_link/internal/modules/authentication/repositories/otp_repository.go:171.60,173.3 1 0
protected_link/internal/modules/authentication/repositories/otp_repository.go:175.2,175.34 1 1
protected_link/internal/modules/authentication/repositories/otp_repository.go:175.34,181.3 1 1
protected_link/internal/modules/authentication/repositories/otp_repository.go:183.2,183.32 1 1
protected_link/internal/modules/authentication/repositories/otp_repository.go:183.32,189.3 1 1
protected_link/internal/modules/authentication/repositories/otp_repository.go:191.2,192.16 2 1
protected_link/internal/modules/authentication/repositories/otp_repository.go:192.16,194.3 1 1
protected_link/internal/modules/authentication/repositories/otp_repository.go:196.2,202.8 2 1
protected_link/internal/modules/authentication/repositories/otp_repository.go:206.140,208.16 2 1
protected_link/internal/modules/authentication/repositories/otp_repository.go:208.16,210.3 1 0
protected_link/internal/modules/authentication/repositories/otp_repository.go:212.2,213.65 2 1
protected_link/internal/modules/authentication/repositories/otp_repository.go:213.65,215.3 1 0
protected_link/internal/modules/authentication/repositories/otp_repository.go:217.2,218.9 2 1
protected_link/internal/modules/authentication/repositories/otp_repository.go:218.9,220.3 1 1
protected_link/internal/modules/authentication/repositories/otp_repository.go:222.2,222.44 1 1
protected_link/internal/modules/authentication/repositories/otp_repository.go:222.44,228.3 1 1
protected_link/internal/modules/authentication/repositories/otp_repository.go:230.2,230.30 1 1
protected_link/internal/modules/authentication/repositories/otp_repository.go:230.30,236.3 1 1
protected_link/internal/modules/authentication/repositories/otp_repository.go:238.2,245.8 3 1
protected_link/pkg/initialization/initializer.go:33.41,35.16 2 0
protected_link/pkg/initialization/initializer.go:35.16,37.3 1 0
protected_link/pkg/initialization/initializer.go:39.2,42.8 1 0
protected_link/pkg/initialization/initializer.go:46.59,49.16 2 0
protected_link/pkg/initialization/initializer.go:49.16,51.3 1 0
protected_link/pkg/initialization/initializer.go:52.2,52.55 1 0
protected_link/pkg/initialization/initializer.go:52.55,54.3 1 0
protected_link/pkg/initialization/initializer.go:55.2,59.16 3 0
protected_link/pkg/initialization/initializer.go:59.16,61.3 1 0
protected_link/pkg/initialization/initializer.go:62.2,64.12 2 0
protected_link/pkg/initialization/initializer.go:68.47,77.16 6 0
protected_link/pkg/initialization/initializer.go:77.16,79.3 1 0
protected_link/pkg/initialization/initializer.go:80.2,82.12 2 0
protected_link/pkg/initialization/initializer.go:86.40,88.2 1 0
protected_link/pkg/initialization/initializer.go:91.44,93.2 1 0
protected_link/pkg/initialization/initializer.go:96.41,97.12 1 0
protected_link/pkg/initialization/initializer.go:97.12,98.63 1 0
protected_link/pkg/initialization/initializer.go:98.63,100.4 1 0
protected_link/pkg/initialization/initializer.go:102.2,102.12 1 0
protected_link/pkg/initialization/initializer.go:106.39,111.24 3 0
protected_link/pkg/initialization/initializer.go:111.24,113.3 1 0
protected_link/pkg/initialization/initializer.go:114.2,114.20 1 0
protected_link/pkg/initialization/initializer.go:114.20,116.3 1 0
protected_link/pkg/initialization/initializer.go:120.42,122.16 2 0
protected_link/pkg/initialization/initializer.go:122.16,124.3 1 0
protected_link/pkg/initialization/initializer.go:126.2,126.60 1 0
protected_link/pkg/initialization/initializer.go:126.60,128.3 1 0
protected_link/pkg/initialization/initializer.go:130.2,130.48 1 0
protected_link/pkg/initialization/initializer.go:130.48,132.3 1 0
protected_link/pkg/initialization/initializer.go:134.2,139.17 4 0
protected_link/pkg/errors/error_code.go:6.39,24.53 2 0
protected_link/pkg/errors/error_code.go:24.53,26.3 1 0
protected_link/pkg/errors/error_code.go:27.2,27.52 1 0
protected_link/pkg/errors/error_code.go:31.45,52.53 2 0
protected_link/pkg/errors/error_code.go:52.53,54.3 1 0
protected_link/pkg/errors/error_code.go:55.2,55.11 1 0
protected_link/pkg/errors/errors.go:13.38,15.18 1 0
protected_link/pkg/errors/errors.go:15.18,17.3 1 0
protected_link/pkg/errors/errors.go:18.2,18.22 1 0
protected_link/pkg/errors/errors.go:21.38,23.2 1 0
protected_link/pkg/errors/errors.go:26.80,32.2 1 0
protected_link/pkg/errors/errors_mapper.go:95.49,96.22 1 0
protected_link/pkg/errors/errors_mapper.go:96.22,98.3 1 0
protected_link/pkg/errors/errors_mapper.go:100.2,102.22 3 0
protected_link/pkg/errors/errors_mapper.go:102.22,104.3 1 0
protected_link/pkg/errors/errors_mapper.go:106.2,116.16 5 0
protected_link/pkg/errors/errors_mapper.go:116.16,118.3 1 0
protected_link/pkg/errors/errors_mapper.go:120.2,121.16 2 0
protected_link/pkg/errors/errors_mapper.go:121.16,123.3 1 0
protected_link/pkg/errors/errors_mapper.go:125.2,125.28 1 0
protected_link/pkg/errors/errors_mapper.go:129.60,132.2 2 0
protected_link/pkg/grpc/proto/auth.pb.go:40.40,45.2 4 0
protected_link/pkg/grpc/proto/auth.pb.go:47.48,49.2 1 0
protected_link/pkg/grpc/proto/auth.pb.go:51.46,51.47 0 0
protected_link/pkg/grpc/proto/auth.pb.go:53.68,55.14 2 0
protected_link/pkg/grpc/proto/auth.pb.go:55.14,57.34 2 0
protected_link/pkg/grpc/proto/auth.pb.go:57.34,59.4 1 0
protected_link/pkg/grpc/proto/auth.pb.go:60.3,60.12 1 0
protected_link/pkg/grpc/proto/auth.pb.go:62.2,62.24 1 0
protected_link/pkg/grpc/proto/auth.pb.go:66.59,68.2 1 0
protected_link/pkg/grpc/proto/auth.pb.go:70.51,71.14 1 0
protected_link/pkg/grpc/proto/auth.pb.go:71.14,73.3 1 0
protected_link/pkg/grpc/proto/auth.pb.go:74.2,74.11 1 0
protected_link/pkg/grpc/proto/auth.pb.go:77.49,78.14 1 0
protected_link/pkg/grpc/proto/auth.pb.go:78.14,80.3 1 0
protected_link/pkg/grpc/proto/auth.pb.go:81.2,81.11 1 0
protected_link/pkg/grpc/proto/auth.pb.go:84.56,85.14 1 0
protected_link/pkg/grpc/proto/auth.pb.go:85.14,87.3 1 0
protected_link/pkg/grpc/proto/auth.pb.go:88.2,88.11 1 0
protected_link/pkg/grpc/proto/auth.pb.go:91.54,92.14 1 0
protected_link/pkg/grpc/proto/auth.pb.go:92.14,94.3 1 0
protected_link/pkg/grpc/proto/auth.pb.go:95.2,95.11 1 0
protected_link/pkg/grpc/proto/auth.pb.go:98.54,99.14 1 0
protected_link/pkg/grpc/proto/auth.pb.go:99.14,101.3 1 0
protected_link/pkg/grpc/proto/auth.pb.go:102.2,102.14 1 0
protected_link/pkg/grpc/proto/auth.pb.go:105.53,106.14 1 0
protected_link/pkg/grpc/proto/auth.pb.go:106.14,108.3 1 0
protected_link/pkg/grpc/proto/auth.pb.go:109.2,109.11 1 0
protected_link/pkg/grpc/proto/auth.pb.go:112.50,113.14 1 0
protected_link/pkg/grpc/proto/auth.pb.go:113.14,115.3 1 0
protected_link/pkg/grpc/proto/auth.pb.go:116.2,116.11 1 0
protected_link/pkg/grpc/proto/auth.pb.go:119.50,120.14 1 0
protected_link/pkg/grpc/proto/auth.pb.go:120.14,122.3 1 0
protected_link/pkg/grpc/proto/auth.pb.go:123.2,123.11 1 0
protected_link/pkg/grpc/proto/auth.pb.go:126.56,127.14 1 0
protected_link/pkg/grpc/proto/auth.pb.go:127.14,129.3 1 0
protected_link/pkg/grpc/proto/auth.pb.go:130.2,130.11 1 0
protected_link/pkg/grpc/proto/auth.pb.go:133.60,134.14 1 0
protected_link/pkg/grpc/proto/auth.pb.go:134.14,136.3 1 0
protected_link/pkg/grpc/proto/auth.pb.go:137.2,137.12 1 0
protected_link/pkg/grpc/proto/auth.pb.go:150.41,155.2 4 0
protected_link/pkg/grpc/proto/auth.pb.go:157.49,159.2 1 0
protected_link/pkg/grpc/proto/auth.pb.go:161.47,161.48 0 0
protected_link/pkg/grpc/proto/auth.pb.go:163.69,165.14 2 0
protected_link/pkg/grpc/proto/auth.pb.go:165.14,167.34 2 0
protected_link/pkg/grpc/proto/auth.pb.go:167.34,169.4 1 0
protected_link/pkg/grpc/proto/auth.pb.go:170.3,170.12 1 0
protected_link/pkg/grpc/proto/auth.pb.go:172.2,172.24 1 0
protected_link/pkg/grpc/proto/auth.pb.go:176.60,178.2 1 0
protected_link/pkg/grpc/proto/auth.pb.go:180.51,181.14 1 0
protected_link/pkg/grpc/proto/auth.pb.go:181.14,183.3 1 0
protected_link/pkg/grpc/proto/auth.pb.go:184.2,184.14 1 0
protected_link/pkg/grpc/proto/auth.pb.go:187.53,188.14 1 0
protected_link/pkg/grpc/proto/auth.pb.go:188.14,190.3 1 0
protected_link/pkg/grpc/proto/auth.pb.go:191.2,191.11 1 0
protected_link/pkg/grpc/proto/auth.pb.go:194.66,195.14 1 0
protected_link/pkg/grpc/proto/auth.pb.go:195.14,197.3 1 0
protected_link/pkg/grpc/proto/auth.pb.go:198.2,198.12 1 0
protected_link/pkg/grpc/proto/auth.pb.go:201.62,202.14 1 0
protected_link/pkg/grpc/proto/auth.pb.go:202.14,204.3 1 0
protected_link/pkg/grpc/proto/auth.pb.go:205.2,205.12 1 0
protected_link/pkg/grpc/proto/auth.pb.go:215.41,220.2 4 0
protected_link/pkg/grpc/proto/auth.pb.go:222.49,224.2 1 0
protected_link/pkg/grpc/proto/auth.pb.go:226.47,226.48 0 0
protected_link/pkg/grpc/proto/auth.pb.go:228.69,230.14 2 0
protected_link/pkg/grpc/proto/auth.pb.go:230.14,232.34 2 0
protected_link/pkg/grpc/proto/auth.pb.go:232.34,234.4 1 0
protected_link/pkg/grpc/proto/auth.pb.go:235.3,235.12 1 0
protected_link/pkg/grpc/proto/auth.pb.go:237.2,237.24 1 0
protected_link/pkg/grpc/proto/auth.pb.go:241.60,243.2 1 0
protected_link/pkg/grpc/proto/auth.pb.go:245.49,246.14 1 0
protected_link/pkg/grpc/proto/auth.pb.go:246.14,248.3 1 0
protected_link/pkg/grpc/proto/auth.pb.go:249.2,249.11 1 0
protected_link/pkg/grpc/proto/auth.pb.go:259.43,264.2 4 0
protected_link/pkg/grpc/proto/auth.pb.go:266.51,268.2 1 0
protected_link/pkg/grpc/proto/auth.pb.go:270.49,270.50 0 0
protected_link/pkg/grpc/proto/auth.pb.go:272.71,274.14 2 0
protected_link/pkg/grpc/proto/auth.pb.go:274.14,276.34 2 0
protected_link/pkg/grpc/proto/auth.pb.go:276.34,278.4 1 0
protected_link/pkg/grpc/proto/auth.pb.go:279.3,279.12 1 0
protected_link/pkg/grpc/proto/auth.pb.go:281.2,281.24 1 0
protected_link/pkg/grpc/proto/auth.pb.go:285.62,287.2 1 0
protected_link/pkg/grpc/proto/auth.pb.go:289.53,290.14 1 0
protected_link/pkg/grpc/proto/auth.pb.go:290.14,292.3 1 0
protected_link/pkg/grpc/proto/auth.pb.go:293.2,293.11 1 0
protected_link/pkg/grpc/proto/auth.pb.go:306.44,311.2 4 0
protected_link/pkg/grpc/proto/auth.pb.go:313.52,315.2 1 0
protected_link/pkg/grpc/proto/auth.pb.go:317.50,317.51 0 0
protected_link/pkg/grpc/proto/auth.pb.go:319.72,321.14 2 0
protected_link/pkg/grpc/proto/auth.pb.go:321.14,323.34 2 0
protected_link/pkg/grpc/proto/auth.pb.go:323.34,325.4 1 0
protected_link/pkg/grpc/proto/auth.pb.go:326.3,326.12 1 0
protected_link/pkg/grpc/proto/auth.pb.go:328.2,328.24 1 0
protected_link/pkg/grpc/proto/auth.pb.go:332.63,334.2 1 0
protected_link/pkg/grpc/proto/auth.pb.go:336.54,337.14 1 0
protected_link/pkg/grpc/proto/auth.pb.go:337.14,339.3 1 0
protected_link/pkg/grpc/proto/auth.pb.go:340.2,340.14 1 0
protected_link/pkg/grpc/proto/auth.pb.go:343.56,344.14 1 0
protected_link/pkg/grpc/proto/auth.pb.go:344.14,346.3 1 0
protected_link/pkg/grpc/proto/auth.pb.go:347.2,347.11 1 0
protected_link/pkg/grpc/proto/auth.pb.go:350.64,351.14 1 0
protected_link/pkg/grpc/proto/auth.pb.go:351.14,353.3 1 0
protected_link/pkg/grpc/proto/auth.pb.go:354.2,354.12 1 0
protected_link/pkg/grpc/proto/auth.pb.go:357.54,358.14 1 0
protected_link/pkg/grpc/proto/auth.pb.go:358.14,360.3 1 0
protected_link/pkg/grpc/proto/auth.pb.go:361.2,361.11 1 0
protected_link/pkg/grpc/proto/auth.pb.go:371.48,376.2 4 0
protected_link/pkg/grpc/proto/auth.pb.go:378.56,380.2 1 0
protected_link/pkg/grpc/proto/auth.pb.go:382.54,382.55 0 0
protected_link/pkg/grpc/proto/auth.pb.go:384.76,386.14 2 0
protected_link/pkg/grpc/proto/auth.pb.go:386.14,388.34 2 0
protected_link/pkg/grpc/proto/auth.pb.go:388.34,390.4 1 0
protected_link/pkg/grpc/proto/auth.pb.go:391.3,391.12 1 0
protected_link/pkg/grpc/proto/auth.pb.go:393.2,393.24 1 0
protected_link/pkg/grpc/proto/auth.pb.go:397.67,399.2 1 0
protected_link/pkg/grpc/proto/auth.pb.go:401.58,402.14 1 0
protected_link/pkg/grpc/proto/auth.pb.go:402.14,404.3 1 0
protected_link/pkg/grpc/proto/auth.pb.go:405.2,405.11 1 0
protected_link/pkg/grpc/proto/auth.pb.go:418.49,423.2 4 0
protected_link/pkg/grpc/proto/auth.pb.go:425.57,427.2 1 0
protected_link/pkg/grpc/proto/auth.pb.go:429.55,429.56 0 0
protected_link/pkg/grpc/proto/auth.pb.go:431.77,433.14 2 0
protected_link/pkg/grpc/proto/auth.pb.go:433.14,435.34 2 0
protected_link/pkg/grpc/proto/auth.pb.go:435.34,437.4 1 0
protected_link/pkg/grpc/proto/auth.pb.go:438.3,438.12 1 0
protected_link/pkg/grpc/proto/auth.pb.go:440.2,440.24 1 0
protected_link/pkg/grpc/proto/auth.pb.go:444.68,446.2 1 0
protected_link/pkg/grpc/proto/auth.pb.go:448.59,449.14 1 0
protected_link/pkg/grpc/proto/auth.pb.go:449.14,451.3 1 0
protected_link/pkg/grpc/proto/auth.pb.go:452.2,452.14 1 0
protected_link/pkg/grpc/proto/auth.pb.go:455.61,456.14 1 0
protected_link/pkg/grpc/proto/auth.pb.go:456.14,458.3 1 0
protected_link/pkg/grpc/proto/auth.pb.go:459.2,459.11 1 0
protected_link/pkg/grpc/proto/auth.pb.go:462.74,463.14 1 0
protected_link/pkg/grpc/proto/auth.pb.go:463.14,465.3 1 0
protected_link/pkg/grpc/proto/auth.pb.go:466.2,466.12 1 0
protected_link/pkg/grpc/proto/auth.pb.go:469.59,470.14 1 0
protected_link/pkg/grpc/proto/auth.pb.go:470.14,472.3 1 0
protected_link/pkg/grpc/proto/auth.pb.go:473.2,473.11 1 0
protected_link/pkg/grpc/proto/auth.pb.go:491.36,496.2 4 0
protected_link/pkg/grpc/proto/auth.pb.go:498.44,500.2 1 0
protected_link/pkg/grpc/proto/auth.pb.go:502.42,502.43 0 0
protected_link/pkg/grpc/proto/auth.pb.go:504.64,506.14 2 0
protected_link/pkg/grpc/proto/auth.pb.go:506.14,508.34 2 0
protected_link/pkg/grpc/proto/auth.pb.go:508.34,510.4 1 0
protected_link/pkg/grpc/proto/auth.pb.go:511.3,511.12 1 0
protected_link/pkg/grpc/proto/auth.pb.go:513.2,513.24 1 0
protected_link/pkg/grpc/proto/auth.pb.go:517.55,519.2 1 0
protected_link/pkg/grpc/proto/auth.pb.go:521.47,522.14 1 0
protected_link/pkg/grpc/proto/auth.pb.go:522.14,524.3 1 0
protected_link/pkg/grpc/proto/auth.pb.go:525.2,525.11 1 0
protected_link/pkg/grpc/proto/auth.pb.go:528.45,529.14 1 0
protected_link/pkg/grpc/proto/auth.pb.go:529.14,531.3 1 0
protected_link/pkg/grpc/proto/auth.pb.go:532.2,532.11 1 0
protected_link/pkg/grpc/proto/auth.pb.go:535.52,536.14 1 0
protected_link/pkg/grpc/proto/auth.pb.go:536.14,538.3 1 0
protected_link/pkg/grpc/proto/auth.pb.go:539.2,539.11 1 0
protected_link/pkg/grpc/proto/auth.pb.go:542.50,543.14 1 0
protected_link/pkg/grpc/proto/auth.pb.go:543.14,545.3 1 0
protected_link/pkg/grpc/proto/auth.pb.go:546.2,546.14 1 0
protected_link/pkg/grpc/proto/auth.pb.go:549.49,550.14 1 0
protected_link/pkg/grpc/proto/auth.pb.go:550.14,552.3 1 0
protected_link/pkg/grpc/proto/auth.pb.go:553.2,553.11 1 0
protected_link/pkg/grpc/proto/auth.pb.go:556.46,557.14 1 0
protected_link/pkg/grpc/proto/auth.pb.go:557.14,559.3 1 0
protected_link/pkg/grpc/proto/auth.pb.go:560.2,560.11 1 0
protected_link/pkg/grpc/proto/auth.pb.go:563.46,564.14 1 0
protected_link/pkg/grpc/proto/auth.pb.go:564.14,566.3 1 0
protected_link/pkg/grpc/proto/auth.pb.go:567.2,567.11 1 0
protected_link/pkg/grpc/proto/auth.pb.go:570.52,571.14 1 0
protected_link/pkg/grpc/proto/auth.pb.go:571.14,573.3 1 0
protected_link/pkg/grpc/proto/auth.pb.go:574.2,574.11 1 0
protected_link/pkg/grpc/proto/auth.pb.go:577.45,578.14 1 0
protected_link/pkg/grpc/proto/auth.pb.go:578.14,580.3 1 0
protected_link/pkg/grpc/proto/auth.pb.go:581.2,581.11 1 0
protected_link/pkg/grpc/proto/auth.pb.go:594.37,599.2 4 0
protected_link/pkg/grpc/proto/auth.pb.go:601.45,603.2 1 0
protected_link/pkg/grpc/proto/auth.pb.go:605.43,605.44 0 0
protected_link/pkg/grpc/proto/auth.pb.go:607.65,609.14 2 0
protected_link/pkg/grpc/proto/auth.pb.go:609.14,611.34 2 0
protected_link/pkg/grpc/proto/auth.pb.go:611.34,613.4 1 0
protected_link/pkg/grpc/proto/auth.pb.go:614.3,614.12 1 0
protected_link/pkg/grpc/proto/auth.pb.go:616.2,616.24 1 0
protected_link/pkg/grpc/proto/auth.pb.go:620.56,622.2 1 0
protected_link/pkg/grpc/proto/auth.pb.go:624.47,625.14 1 0
protected_link/pkg/grpc/proto/auth.pb.go:625.14,627.3 1 0
protected_link/pkg/grpc/proto/auth.pb.go:628.2,628.14 1 0
protected_link/pkg/grpc/proto/auth.pb.go:631.49,632.14 1 0
protected_link/pkg/grpc/proto/auth.pb.go:632.14,634.3 1 0
protected_link/pkg/grpc/proto/auth.pb.go:635.2,635.11 1 0
protected_link/pkg/grpc/proto/auth.pb.go:638.61,639.14 1 0
protected_link/pkg/grpc/proto/auth.pb.go:639.14,641.3 1 0
protected_link/pkg/grpc/proto/auth.pb.go:642.2,642.12 1 0
protected_link/pkg/grpc/proto/auth.pb.go:645.47,646.14 1 0
protected_link/pkg/grpc/proto/auth.pb.go:646.14,648.3 1 0
protected_link/pkg/grpc/proto/auth.pb.go:649.2,649.11 1 0
protected_link/pkg/grpc/proto/auth.pb.go:659.40,664.2 4 0
protected_link/pkg/grpc/proto/auth.pb.go:666.48,668.2 1 0
protected_link/pkg/grpc/proto/auth.pb.go:670.46,670.47 0 0
protected_link/pkg/grpc/proto/auth.pb.go:672.68,674.14 2 0
protected_link/pkg/grpc/proto/auth.pb.go:674.14,676.34 2 0
protected_link/pkg/grpc/proto/auth.pb.go:676.34,678.4 1 0
protected_link/pkg/grpc/proto/auth.pb.go:679.3,679.12 1 0
protected_link/pkg/grpc/proto/auth.pb.go:681.2,681.24 1 0
protected_link/pkg/grpc/proto/auth.pb.go:685.59,687.2 1 0
protected_link/pkg/grpc/proto/auth.pb.go:689.59,690.14 1 0
protected_link/pkg/grpc/proto/auth.pb.go:690.14,692.3 1 0
protected_link/pkg/grpc/proto/auth.pb.go:693.2,693.11 1 0
protected_link/pkg/grpc/proto/auth.pb.go:705.38,710.2 4 0
protected_link/pkg/grpc/proto/auth.pb.go:712.46,714.2 1 0
protected_link/pkg/grpc/proto/auth.pb.go:716.44,716.45 0 0
protected_link/pkg/grpc/proto/auth.pb.go:718.66,720.14 2 0
protected_link/pkg/grpc/proto/auth.pb.go:720.14,722.34 2 0
protected_link/pkg/grpc/proto/auth.pb.go:722.34,724.4 1 0
protected_link/pkg/grpc/proto/auth.pb.go:725.3,725.12 1 0
protected_link/pkg/grpc/proto/auth.pb.go:727.2,727.24 1 0
protected_link/pkg/grpc/proto/auth.pb.go:731.57,733.2 1 0
protected_link/pkg/grpc/proto/auth.pb.go:735.49,736.14 1 0
protected_link/pkg/grpc/proto/auth.pb.go:736.14,738.3 1 0
protected_link/pkg/grpc/proto/auth.pb.go:739.2,739.11 1 0
protected_link/pkg/grpc/proto/auth.pb.go:742.46,743.14 1 0
protected_link/pkg/grpc/proto/auth.pb.go:743.14,745.3 1 0
protected_link/pkg/grpc/proto/auth.pb.go:746.2,746.11 1 0
protected_link/pkg/grpc/proto/auth.pb.go:749.57,750.14 1 0
protected_link/pkg/grpc/proto/auth.pb.go:750.14,752.3 1 0
protected_link/pkg/grpc/proto/auth.pb.go:753.2,753.11 1 0
protected_link/pkg/grpc/proto/auth.pb.go:766.39,771.2 4 0
protected_link/pkg/grpc/proto/auth.pb.go:773.47,775.2 1 0
protected_link/pkg/grpc/proto/auth.pb.go:777.45,777.46 0 0
protected_link/pkg/grpc/proto/auth.pb.go:779.67,781.14 2 0
protected_link/pkg/grpc/proto/auth.pb.go:781.14,783.34 2 0
protected_link/pkg/grpc/proto/auth.pb.go:783.34,785.4 1 0
protected_link/pkg/grpc/proto/auth.pb.go:786.3,786.12 1 0
protected_link/pkg/grpc/proto/auth.pb.go:788.2,788.24 1 0
protected_link/pkg/grpc/proto/auth.pb.go:792.58,794.2 1 0
protected_link/pkg/grpc/proto/auth.pb.go:796.49,797.14 1 0
protected_link/pkg/grpc/proto/auth.pb.go:797.14,799.3 1 0
protected_link/pkg/grpc/proto/auth.pb.go:800.2,800.14 1 0
protected_link/pkg/grpc/proto/auth.pb.go:803.51,804.14 1 0
protected_link/pkg/grpc/proto/auth.pb.go:804.14,806.3 1 0
protected_link/pkg/grpc/proto/auth.pb.go:807.2,807.11 1 0
protected_link/pkg/grpc/proto/auth.pb.go:810.59,811.14 1 0
protected_link/pkg/grpc/proto/auth.pb.go:811.14,813.3 1 0
protected_link/pkg/grpc/proto/auth.pb.go:814.2,814.12 1 0
protected_link/pkg/grpc/proto/auth.pb.go:817.60,818.14 1 0
protected_link/pkg/grpc/proto/auth.pb.go:818.14,820.3 1 0
protected_link/pkg/grpc/proto/auth.pb.go:821.2,821.12 1 0
protected_link/pkg/grpc/proto/auth.pb.go:833.33,838.2 4 0
protected_link/pkg/grpc/proto/auth.pb.go:840.41,842.2 1 0
protected_link/pkg/grpc/proto/auth.pb.go:844.39,844.40 0 0
protected_link/pkg/grpc/proto/auth.pb.go:846.61,848.14 2 0
protected_link/pkg/grpc/proto/auth.pb.go:848.14,850.34 2 0
protected_link/pkg/grpc/proto/auth.pb.go:850.34,852.4 1 0
protected_link/pkg/grpc/proto/auth.pb.go:853.3,853.12 1 0
protected_link/pkg/grpc/proto/auth.pb.go:855.2,855.24 1 0
protected_link/pkg/grpc/proto/auth.pb.go:859.52,861.2 1 0
protected_link/pkg/grpc/proto/auth.pb.go:863.43,864.14 1 0
protected_link/pkg/grpc/proto/auth.pb.go:864.14,866.3 1 0
protected_link/pkg/grpc/proto/auth.pb.go:867.2,867.14 1 0
protected_link/pkg/grpc/proto/auth.pb.go:870.45,871.14 1 0
protected_link/pkg/grpc/proto/auth.pb.go:871.14,873.3 1 0
protected_link/pkg/grpc/proto/auth.pb.go:874.2,874.11 1 0
protected_link/pkg/grpc/proto/auth.pb.go:877.47,878.14 1 0
protected_link/pkg/grpc/proto/auth.pb.go:878.14,880.3 1 0
protected_link/pkg/grpc/proto/auth.pb.go:881.2,881.11 1 0
protected_link/pkg/grpc/proto/auth.pb.go:983.58,984.55 1 0
protected_link/pkg/grpc/proto/auth.pb.go:984.55,986.3 1 0
protected_link/pkg/grpc/proto/auth.pb.go:987.2,987.51 1 0
protected_link/pkg/grpc/proto/auth.pb.go:1037.13,1037.54 1 0
protected_link/pkg/grpc/proto/auth.pb.go:1038.44,1039.43 1 0
protected_link/pkg/grpc/proto/auth.pb.go:1039.43,1041.3 1 0
protected_link/pkg/grpc/proto/auth.pb.go:1042.2,1058.46 5 0
protected_link/pkg/grpc/proto/auth_grpc.pb.go:38.74,40.2 1 0
protected_link/pkg/grpc/proto/auth_grpc.pb.go:42.135,46.16 4 0
protected_link/pkg/grpc/proto/auth_grpc.pb.go:46.16,48.3 1 0
protected_link/pkg/grpc/proto/auth_grpc.pb.go:49.2,49.17 1 0
protected_link/pkg/grpc/proto/auth_grpc.pb.go:52.141,56.16 4 0
protected_link/pkg/grpc/proto/auth_grpc.pb.go:56.16,58.3 1 0
protected_link/pkg/grpc/proto/auth_grpc.pb.go:59.2,59.17 1 0
protected_link/pkg/grpc/proto/auth_grpc.pb.go:78.113,80.2 1 0
protected_link/pkg/grpc/proto/auth_grpc.pb.go:81.119,83.2 1 0
protected_link/pkg/grpc/proto/auth_grpc.pb.go:84.82,84.83 0 0
protected_link/pkg/grpc/proto/auth_grpc.pb.go:85.82,85.83 0 0
protected_link/pkg/grpc/proto/auth_grpc.pb.go:94.80,99.59 1 0
protected_link/pkg/grpc/proto/auth_grpc.pb.go:99.59,101.3 1 0
protected_link/pkg/grpc/proto/auth_grpc.pb.go:102.2,102.50 1 0
protected_link/pkg/grpc/proto/auth_grpc.pb.go:105.166,107.32 2 0
protected_link/pkg/grpc/proto/auth_grpc.pb.go:107.32,109.3 1 0
protected_link/pkg/grpc/proto/auth_grpc.pb.go:110.2,110.24 1 0
protected_link/pkg/grpc/proto/auth_grpc.pb.go:110.24,112.3 1 0
protected_link/pkg/grpc/proto/auth_grpc.pb.go:113.2,117.77 2 0
protected_link/pkg/grpc/proto/auth_grpc.pb.go:117.77,119.3 1 0
protected_link/pkg/grpc/proto/auth_grpc.pb.go:120.2,120.44 1 0
protected_link/pkg/grpc/proto/auth_grpc.pb.go:123.168,125.32 2 0
protected_link/pkg/grpc/proto/auth_grpc.pb.go:125.32,127.3 1 0
protected_link/pkg/grpc/proto/auth_grpc.pb.go:128.2,128.24 1 0
protected_link/pkg/grpc/proto/auth_grpc.pb.go:128.24,130.3 1 0
protected_link/pkg/grpc/proto/auth_grpc.pb.go:131.2,135.77 2 0
protected_link/pkg/grpc/proto/auth_grpc.pb.go:135.77,137.3 1 0
protected_link/pkg/grpc/proto/auth_grpc.pb.go:138.2,138.44 1 0
protected_link/pkg/grpc/proto/auth_grpc.pb.go:180.74,182.2 1 0
protected_link/pkg/grpc/proto/auth_grpc.pb.go:184.153,188.16 4 0
protected_link/pkg/grpc/proto/auth_grpc.pb.go:188.16,190.3 1 0
protected_link/pkg/grpc/proto/auth_grpc.pb.go:191.2,191.17 1 0
protected_link/pkg/grpc/proto/auth_grpc.pb.go:194.156,198.16 4 0
protected_link/pkg/grpc/proto/auth_grpc.pb.go:198.16,200.3 1 0
protected_link/pkg/grpc/proto/auth_grpc.pb.go:201.2,201.17 1 0
protected_link/pkg/grpc/proto/auth_grpc.pb.go:204.171,208.16 4 0
protected_link/pkg/grpc/proto/auth_grpc.pb.go:208.16,210.3 1 0
protected_link/pkg/grpc/proto/auth_grpc.pb.go:211.2,211.17 1 0
protected_link/pkg/grpc/proto/auth_grpc.pb.go:231.131,233.2 1 0
protected_link/pkg/grpc/proto/auth_grpc.pb.go:234.134,236.2 1 0
protected_link/pkg/grpc/proto/auth_grpc.pb.go:237.149,239.2 1 0
protected_link/pkg/grpc/proto/auth_grpc.pb.go:240.82,240.83 0 0
protected_link/pkg/grpc/proto/auth_grpc.pb.go:241.82,241.83 0 0
protected_link/pkg/grpc/proto/auth_grpc.pb.go:250.80,255.59 1 0
protected_link/pkg/grpc/proto/auth_grpc.pb.go:255.59,257.3 1 0
protected_link/pkg/grpc/proto/auth_grpc.pb.go:258.2,258.50 1 0
protected_link/pkg/grpc/proto/auth_grpc.pb.go:261.176,263.32 2 0
protected_link/pkg/grpc/proto/auth_grpc.pb.go:263.32,265.3 1 0
protected_link/pkg/grpc/proto/auth_grpc.pb.go:266.2,266.24 1 0
protected_link/pkg/grpc/proto/auth_grpc.pb.go:266.24,268.3 1 0
protected_link/pkg/grpc/proto/auth_grpc.pb.go:269.2,273.77 2 0
protected_link/pkg/grpc/proto/auth_grpc.pb.go:273.77,275.3 1 0
protected_link/pkg/grpc/proto/auth_grpc.pb.go:276.2,276.44 1 0
protected_link/pkg/grpc/proto/auth_grpc.pb.go:279.173,281.32 2 0
protected_link/pkg/grpc/proto/auth_grpc.pb.go:281.32,283.3 1 0
protected_link/pkg/grpc/proto/auth_grpc.pb.go:284.2,284.24 1 0
protected_link/pkg/grpc/proto/auth_grpc.pb.go:284.24,286.3 1 0
protected_link/pkg/grpc/proto/auth_grpc.pb.go:287.2,291.77 2 0
protected_link/pkg/grpc/proto/auth_grpc.pb.go:291.77,293.3 1 0
protected_link/pkg/grpc/proto/auth_grpc.pb.go:294.2,294.44 1 0
protected_link/pkg/grpc/proto/auth_grpc.pb.go:297.178,299.32 2 0
protected_link/pkg/grpc/proto/auth_grpc.pb.go:299.32,301.3 1 0
protected_link/pkg/grpc/proto/auth_grpc.pb.go:302.2,302.24 1 0
protected_link/pkg/grpc/proto/auth_grpc.pb.go:302.24,304.3 1 0
protected_link/pkg/grpc/proto/auth_grpc.pb.go:305.2,309.77 2 0
protected_link/pkg/grpc/proto/auth_grpc.pb.go:309.77,311.3 1 0
protected_link/pkg/grpc/proto/auth_grpc.pb.go:312.2,312.44 1 0
protected_link/pkg/jwt/jwt_service.go:22.45,24.16 2 0
protected_link/pkg/jwt/jwt_service.go:24.16,26.3 1 0
protected_link/pkg/jwt/jwt_service.go:28.2,30.23 2 0
protected_link/pkg/jwt/jwt_service.go:30.23,32.3 1 0
protected_link/pkg/jwt/jwt_service.go:34.2,36.8 1 0
protected_link/pkg/jwt/jwt_service.go:43.75,46.16 2 0
protected_link/pkg/jwt/jwt_service.go:46.16,48.3 1 0
protected_link/pkg/jwt/jwt_service.go:50.2,51.16 2 0
protected_link/pkg/jwt/jwt_service.go:51.16,53.3 1 0
protected_link/pkg/jwt/jwt_service.go:55.2,56.16 2 0
protected_link/pkg/jwt/jwt_service.go:56.16,58.3 1 0
protected_link/pkg/jwt/jwt_service.go:60.2,61.43 2 0
protected_link/pkg/jwt/jwt_service.go:61.43,63.3 1 0
protected_link/pkg/jwt/jwt_service.go:65.2,68.21 3 0
protected_link/pkg/jwt/jwt_service.go:72.61,74.16 2 0
protected_link/pkg/jwt/jwt_service.go:74.16,76.3 1 0
protected_link/pkg/jwt/jwt_service.go:78.2,79.16 2 0
protected_link/pkg/jwt/jwt_service.go:79.16,81.3 1 0
protected_link/pkg/jwt/jwt_service.go:83.2,84.16 2 0
protected_link/pkg/jwt/jwt_service.go:84.16,86.3 1 0
protected_link/pkg/jwt/jwt_service.go:88.2,89.33 2 0
protected_link/pkg/jwt/jwt_service.go:89.33,91.3 1 0
protected_link/pkg/jwt/jwt_service.go:93.2,96.16 3 0
protected_link/pkg/jwt/jwt_service.go:96.16,98.3 1 0
protected_link/pkg/jwt/jwt_service.go:100.2,101.60 2 0
protected_link/pkg/jwt/jwt_service.go:101.60,103.3 1 0
protected_link/pkg/jwt/jwt_service.go:106.2,106.55 1 0
protected_link/pkg/jwt/jwt_service.go:106.55,108.3 1 0
protected_link/pkg/jwt/jwt_service.go:110.2,110.23 1 0
protected_link/pkg/redis/config.go:19.64,33.35 7 0
protected_link/pkg/redis/config.go:33.35,38.17 4 0
protected_link/pkg/redis/config.go:38.17,44.4 2 0
protected_link/pkg/redis/config.go:46.3,47.21 2 0
protected_link/pkg/redis/config.go:47.21,50.4 2 0
protected_link/pkg/redis/config.go:54.2,55.92 2 0
protected_link/pkg/redis/config.go:59.31,60.21 1 0
protected_link/pkg/redis/config.go:60.21,61.42 1 0
protected_link/pkg/redis/config.go:61.42,63.4 1 0
protected_link/pkg/redis/config.go:63.9,65.4 1 0
protected_link/pkg/redis/mockRedis.go:17.126,20.2 2 0
protected_link/pkg/redis/mockRedis.go:23.81,26.2 2 0
protected_link/pkg/redis/mockRedis.go:29.82,32.2 2 0
protected_link/pkg/redis/mockRedis.go:35.70,38.2 2 0
protected_link/pkg/redis/mockRedis.go:41.41,44.2 2 0
protected_link/pkg/kafka/producer.go:18.65,25.16 6 0
protected_link/pkg/kafka/producer.go:25.16,27.3 1 0
protected_link/pkg/kafka/producer.go:29.2,29.48 1 0
protected_link/pkg/kafka/producer.go:32.74,38.24 2 0
protected_link/pkg/kafka/producer.go:38.24,40.17 2 0
protected_link/pkg/kafka/producer.go:40.17,42.4 1 0
protected_link/pkg/kafka/producer.go:43.3,43.87 1 0
protected_link/pkg/kafka/producer.go:45.2,45.12 1 0
protected_link/pkg/kafka/producer.go:48.40,50.2 1 0
protected_link/pkg/validation/request_validator.go:15.22,19.80 2 0
protected_link/pkg/validation/request_validator.go:19.80,22.3 2 0
protected_link/pkg/validation/request_validator.go:25.92,27.16 2 0
protected_link/pkg/validation/request_validator.go:27.16,30.55 2 0
protected_link/pkg/validation/request_validator.go:30.55,34.4 3 0
protected_link/pkg/validation/request_validator.go:36.3,36.26 1 0
protected_link/pkg/validation/request_validator.go:38.2,38.17 1 0
protected_link/pkg/validation/request_validator.go:41.92,43.16 2 0
protected_link/pkg/validation/request_validator.go:43.16,45.55 2 0
protected_link/pkg/validation/request_validator.go:45.55,48.48 3 0
protected_link/pkg/validation/request_validator.go:48.48,50.5 1 0
protected_link/pkg/validation/request_validator.go:51.4,51.127 1 0
protected_link/pkg/validation/request_validator.go:53.3,53.26 1 0
protected_link/pkg/validation/request_validator.go:55.2,55.17 1 0
protected_link/internal/modules/link_generation/apis/handlers/generate_link.go:24.97,28.2 1 1
protected_link/internal/modules/link_generation/apis/handlers/generate_link.go:30.137,33.16 2 1
protected_link/internal/modules/link_generation/apis/handlers/generate_link.go:33.16,35.3 1 1
protected_link/internal/modules/link_generation/apis/handlers/generate_link.go:37.2,38.29 2 1
protected_link/internal/modules/link_generation/apis/handlers/generate_link.go:38.29,40.3 1 1
protected_link/internal/modules/link_generation/apis/handlers/generate_link.go:42.2,56.16 3 1
protected_link/internal/modules/link_generation/apis/handlers/generate_link.go:56.16,64.3 2 1
protected_link/internal/modules/link_generation/apis/handlers/generate_link.go:66.2,67.16 2 1
protected_link/internal/modules/link_generation/apis/handlers/generate_link.go:67.16,70.3 2 1
protected_link/internal/modules/link_generation/apis/handlers/generate_link.go:72.2,80.8 2 1
protected_link/internal/modules/link_generation/apis/handlers/generate_link.go:83.155,86.35 2 1
protected_link/internal/modules/link_generation/apis/handlers/generate_link.go:86.35,99.3 4 1
protected_link/internal/modules/link_generation/apis/handlers/generate_link.go:101.2,102.16 2 1
protected_link/internal/modules/link_generation/apis/handlers/generate_link.go:102.16,105.3 2 1
protected_link/internal/modules/link_generation/apis/handlers/generate_link.go:107.2,115.8 2 1
protected_link/internal/modules/link_generation/apis/handlers/generate_link.go:118.140,121.35 2 1
protected_link/internal/modules/link_generation/apis/handlers/generate_link.go:121.35,134.3 4 1
protected_link/internal/modules/link_generation/apis/handlers/generate_link.go:136.2,137.16 2 1
protected_link/internal/modules/link_generation/apis/handlers/generate_link.go:137.16,140.3 2 1
protected_link/internal/modules/link_generation/apis/handlers/generate_link.go:142.2,143.36 2 1
protected_link/internal/modules/link_generation/apis/handlers/generate_link.go:144.30,145.26 1 1
protected_link/internal/modules/link_generation/apis/handlers/generate_link.go:145.26,147.4 1 1
protected_link/internal/modules/link_generation/apis/handlers/generate_link.go:148.10,150.17 2 1
protected_link/internal/modules/link_generation/apis/handlers/generate_link.go:150.17,153.4 2 0
protected_link/internal/modules/link_generation/apis/handlers/generate_link.go:153.9,155.70 2 1
protected_link/internal/modules/link_generation/apis/handlers/generate_link.go:155.70,158.5 2 1
protected_link/internal/modules/link_generation/apis/handlers/generate_link.go:158.10,159.39 1 0
protected_link/internal/modules/link_generation/apis/handlers/generate_link.go:159.39,161.6 1 0
protected_link/internal/modules/link_generation/apis/handlers/generate_link.go:166.2,172.8 2 1
protected_link/internal/modules/link_generation/repositories/genrated_link_repo.go:36.131,38.16 2 1
protected_link/internal/modules/link_generation/repositories/genrated_link_repo.go:38.16,40.3 1 0
protected_link/internal/modules/link_generation/repositories/genrated_link_repo.go:42.2,43.16 2 1
protected_link/internal/modules/link_generation/repositories/genrated_link_repo.go:43.16,45.3 1 0
protected_link/internal/modules/link_generation/repositories/genrated_link_repo.go:47.2,52.8 1 1
protected_link/internal/modules/link_generation/repositories/genrated_link_repo.go:56.193,63.2 1 0
protected_link/internal/modules/link_generation/repositories/genrated_link_repo.go:66.118,71.31 3 1
protected_link/internal/modules/link_generation/repositories/genrated_link_repo.go:71.31,73.17 2 1
protected_link/internal/modules/link_generation/repositories/genrated_link_repo.go:73.17,76.4 2 1
protected_link/internal/modules/link_generation/repositories/genrated_link_repo.go:77.3,78.86 2 1
protected_link/internal/modules/link_generation/repositories/genrated_link_repo.go:82.2,83.16 2 1
protected_link/internal/modules/link_generation/repositories/genrated_link_repo.go:83.16,86.3 2 1
protected_link/internal/modules/link_generation/repositories/genrated_link_repo.go:89.2,90.16 2 1
protected_link/internal/modules/link_generation/repositories/genrated_link_repo.go:90.16,92.3 1 1
protected_link/internal/modules/link_generation/repositories/genrated_link_repo.go:92.8,94.3 1 1
protected_link/internal/modules/link_generation/repositories/genrated_link_repo.go:97.2,105.16 3 1
protected_link/internal/modules/link_generation/repositories/genrated_link_repo.go:105.16,108.3 2 0
protected_link/internal/modules/link_generation/repositories/genrated_link_repo.go:111.2,113.16 3 1
protected_link/internal/modules/link_generation/repositories/genrated_link_repo.go:113.16,115.3 1 0
protected_link/internal/modules/link_generation/repositories/genrated_link_repo.go:118.2,118.90 1 1
protected_link/internal/modules/link_generation/repositories/genrated_link_repo.go:118.90,121.3 2 1
protected_link/internal/modules/link_generation/repositories/genrated_link_repo.go:124.2,131.8 2 1
protected_link/internal/modules/link_generation/repositories/genrated_link_repo.go:135.82,138.16 3 1
protected_link/internal/modules/link_generation/repositories/genrated_link_repo.go:138.16,142.23 2 1
protected_link/internal/modules/link_generation/repositories/genrated_link_repo.go:142.23,144.4 1 1
protected_link/internal/modules/link_generation/repositories/genrated_link_repo.go:145.3,145.56 1 1
protected_link/internal/modules/link_generation/repositories/genrated_link_repo.go:147.2,147.19 1 1
protected_link/internal/modules/link_generation/repositories/genrated_link_repo.go:151.90,156.16 3 1
protected_link/internal/modules/link_generation/repositories/genrated_link_repo.go:156.16,158.3 1 1
protected_link/internal/modules/link_generation/repositories/genrated_link_repo.go:161.2,162.16 2 1
protected_link/internal/modules/link_generation/repositories/genrated_link_repo.go:162.16,164.3 1 1
protected_link/internal/modules/link_generation/repositories/genrated_link_repo.go:167.2,168.56 2 0
protected_link/internal/modules/link_generation/repositories/genrated_link_repo.go:168.56,170.3 1 0
protected_link/internal/modules/link_generation/repositories/genrated_link_repo.go:173.2,173.69 1 0
protected_link/internal/modules/link_generation/repositories/genrated_link_repo.go:173.69,175.3 1 0
protected_link/internal/modules/link_generation/repositories/genrated_link_repo.go:177.2,177.18 1 0
protected_link/internal/modules/link_generation/repositories/genrated_link_repo.go:181.101,184.73 2 1
protected_link/internal/modules/link_generation/repositories/genrated_link_repo.go:184.73,187.3 2 1
protected_link/internal/modules/link_generation/repositories/genrated_link_repo.go:189.2,195.8 1 1
protected_link/internal/modules/link_generation/services/generate_link_service.go:34.162,40.2 1 1
protected_link/internal/modules/link_generation/services/generate_link_service.go:58.125,62.2 3 1
protected_link/internal/modules/link_generation/services/generate_link_service.go:65.107,70.16 4 1
protected_link/internal/modules/link_generation/services/generate_link_service.go:70.16,73.3 2 1
protected_link/internal/modules/link_generation/services/generate_link_service.go:75.2,75.34 1 1
protected_link/internal/modules/link_generation/services/generate_link_service.go:75.34,78.24 2 1
protected_link/internal/modules/link_generation/services/generate_link_service.go:78.24,81.4 2 0
protected_link/internal/modules/link_generation/services/generate_link_service.go:83.3,83.25 1 1
protected_link/internal/modules/link_generation/services/generate_link_service.go:83.25,86.4 2 0
protected_link/internal/modules/link_generation/services/generate_link_service.go:88.3,88.54 1 1
protected_link/internal/modules/link_generation/services/generate_link_service.go:88.54,91.4 2 1
protected_link/internal/modules/link_generation/services/generate_link_service.go:94.2,94.43 1 1
protected_link/internal/modules/link_generation/services/generate_link_service.go:98.103,103.25 3 1
protected_link/internal/modules/link_generation/services/generate_link_service.go:103.25,106.3 2 0
protected_link/internal/modules/link_generation/services/generate_link_service.go:108.2,109.16 2 1
protected_link/internal/modules/link_generation/services/generate_link_service.go:109.16,112.3 2 1
protected_link/internal/modules/link_generation/services/generate_link_service.go:114.2,114.34 1 1
protected_link/internal/modules/link_generation/services/generate_link_service.go:114.34,117.24 2 1
protected_link/internal/modules/link_generation/services/generate_link_service.go:117.24,120.4 2 1
protected_link/internal/modules/link_generation/services/generate_link_service.go:123.3,123.25 1 1
protected_link/internal/modules/link_generation/services/generate_link_service.go:123.25,126.4 2 0
protected_link/internal/modules/link_generation/services/generate_link_service.go:128.3,129.17 2 1
protected_link/internal/modules/link_generation/services/generate_link_service.go:129.17,132.4 2 1
protected_link/internal/modules/link_generation/services/generate_link_service.go:134.3,134.17 1 1
protected_link/internal/modules/link_generation/services/generate_link_service.go:134.17,137.4 2 1
protected_link/internal/modules/link_generation/services/generate_link_service.go:139.3,139.22 1 1
protected_link/internal/modules/link_generation/services/generate_link_service.go:139.22,141.22 1 0
protected_link/internal/modules/link_generation/services/generate_link_service.go:141.22,144.5 2 0
protected_link/internal/modules/link_generation/services/generate_link_service.go:147.4,147.26 1 0
protected_link/internal/modules/link_generation/services/generate_link_service.go:147.26,150.5 2 0
protected_link/internal/modules/link_generation/services/generate_link_service.go:152.4,153.19 2 0
protected_link/internal/modules/link_generation/services/generate_link_service.go:153.19,156.5 2 0
protected_link/internal/modules/link_generation/services/generate_link_service.go:158.4,159.23 2 0
protected_link/internal/modules/link_generation/services/generate_link_service.go:159.23,162.5 2 0
protected_link/internal/modules/link_generation/services/generate_link_service.go:164.4,164.38 1 0
protected_link/internal/modules/link_generation/services/generate_link_service.go:167.3,171.9 1 1
protected_link/internal/modules/link_generation/services/generate_link_service.go:174.2,175.16 2 1
protected_link/internal/modules/link_generation/services/generate_link_service.go:175.16,178.3 2 1
protected_link/internal/modules/link_generation/services/generate_link_service.go:180.2,180.21 1 1
protected_link/internal/modules/link_generation/services/generate_link_service.go:180.21,182.21 1 1
protected_link/internal/modules/link_generation/services/generate_link_service.go:182.21,185.4 2 0
protected_link/internal/modules/link_generation/services/generate_link_service.go:188.3,188.25 1 1
protected_link/internal/modules/link_generation/services/generate_link_service.go:188.25,191.4 2 0
protected_link/internal/modules/link_generation/services/generate_link_service.go:193.3,194.18 2 1
protected_link/internal/modules/link_generation/services/generate_link_service.go:194.18,197.4 2 1
protected_link/internal/modules/link_generation/services/generate_link_service.go:199.3,200.22 2 0
protected_link/internal/modules/link_generation/services/generate_link_service.go:200.22,203.4 2 0
protected_link/internal/modules/link_generation/services/generate_link_service.go:205.3,205.35 1 0
protected_link/internal/modules/link_generation/services/generate_link_service.go:208.2,212.8 1 1
protected_link/internal/modules/link_generation/services/generate_link_service.go:216.118,221.19 3 0
protected_link/internal/modules/link_generation/services/generate_link_service.go:221.19,224.3 2 0
protected_link/internal/modules/link_generation/services/generate_link_service.go:226.2,226.38 1 0
protected_link/internal/modules/link_generation/services/generate_link_service.go:230.100,235.19 3 0
protected_link/internal/modules/link_generation/services/generate_link_service.go:235.19,238.3 2 0
protected_link/internal/modules/link_generation/services/generate_link_service.go:240.2,241.16 2 0
protected_link/internal/modules/link_generation/services/generate_link_service.go:241.16,244.3 2 0
protected_link/internal/modules/link_generation/services/generate_link_service.go:246.2,246.34 1 0
protected_link/internal/modules/link_generation/services/generate_link_service.go:246.34,249.24 2 0
protected_link/internal/modules/link_generation/services/generate_link_service.go:249.24,252.4 2 0
protected_link/internal/modules/link_generation/services/generate_link_service.go:255.3,255.25 1 0
protected_link/internal/modules/link_generation/services/generate_link_service.go:255.25,258.4 2 0
protected_link/internal/modules/link_generation/services/generate_link_service.go:260.3,260.54 1 0
protected_link/internal/modules/link_generation/services/generate_link_service.go:260.54,263.4 2 0
protected_link/internal/modules/link_generation/services/generate_link_service.go:266.2,266.37 1 0
protected_link/internal/modules/link_generation/services/generate_link_service.go:270.96,275.19 3 0
protected_link/internal/modules/link_generation/services/generate_link_service.go:275.19,278.3 2 0
protected_link/internal/modules/link_generation/services/generate_link_service.go:280.2,281.16 2 0
protected_link/internal/modules/link_generation/services/generate_link_service.go:281.16,284.3 2 0
protected_link/internal/modules/link_generation/services/generate_link_service.go:286.2,286.34 1 0
protected_link/internal/modules/link_generation/services/generate_link_service.go:286.34,289.24 2 0
protected_link/internal/modules/link_generation/services/generate_link_service.go:289.24,292.4 2 0
protected_link/internal/modules/link_generation/services/generate_link_service.go:295.3,295.25 1 0
protected_link/internal/modules/link_generation/services/generate_link_service.go:295.25,298.4 2 0
protected_link/internal/modules/link_generation/services/generate_link_service.go:300.3,301.17 2 0
protected_link/internal/modules/link_generation/services/generate_link_service.go:301.17,304.4 2 0
protected_link/internal/modules/link_generation/services/generate_link_service.go:306.3,306.17 1 0
protected_link/internal/modules/link_generation/services/generate_link_service.go:306.17,309.4 2 0
protected_link/internal/modules/link_generation/services/generate_link_service.go:311.3,311.22 1 0
protected_link/internal/modules/link_generation/services/generate_link_service.go:311.22,313.22 1 0
protected_link/internal/modules/link_generation/services/generate_link_service.go:313.22,316.5 2 0
protected_link/internal/modules/link_generation/services/generate_link_service.go:318.4,319.19 2 0
protected_link/internal/modules/link_generation/services/generate_link_service.go:319.19,322.5 2 0
protected_link/internal/modules/link_generation/services/generate_link_service.go:324.4,325.23 2 0
protected_link/internal/modules/link_generation/services/generate_link_service.go:325.23,328.5 2 0
protected_link/internal/modules/link_generation/services/generate_link_service.go:330.4,330.38 1 0
protected_link/internal/modules/link_generation/services/generate_link_service.go:333.3,337.9 1 0
protected_link/internal/modules/link_generation/services/generate_link_service.go:340.2,341.16 2 0
protected_link/internal/modules/link_generation/services/generate_link_service.go:341.16,344.3 2 0
protected_link/internal/modules/link_generation/services/generate_link_service.go:346.2,346.21 1 0
protected_link/internal/modules/link_generation/services/generate_link_service.go:346.21,348.21 1 0
protected_link/internal/modules/link_generation/services/generate_link_service.go:348.21,351.4 2 0
protected_link/internal/modules/link_generation/services/generate_link_service.go:353.3,353.25 1 0
protected_link/internal/modules/link_generation/services/generate_link_service.go:353.25,356.4 2 0
protected_link/internal/modules/link_generation/services/generate_link_service.go:358.3,359.18 2 0
protected_link/internal/modules/link_generation/services/generate_link_service.go:359.18,362.4 2 0
protected_link/internal/modules/link_generation/services/generate_link_service.go:364.3,365.22 2 0
protected_link/internal/modules/link_generation/services/generate_link_service.go:365.22,368.4 2 0
protected_link/internal/modules/link_generation/services/generate_link_service.go:370.3,370.35 1 0
protected_link/internal/modules/link_generation/services/generate_link_service.go:373.2,377.8 1 0
protected_link/internal/modules/link_generation/services/generate_link_service.go:381.162,383.2 1 1
protected_link/internal/modules/link_generation/services/generate_link_service.go:386.180,392.2 1 1
protected_link/internal/modules/link_generation/services/generate_link_service.go:398.58,407.2 5 0
protected_link/internal/modules/link_generation/services/generate_link_service.go:412.57,414.2 1 0
protected_link/internal/modules/link_generation/services/generate_link_service.go:416.89,418.2 1 0
protected_link/internal/modules/link_generation/services/generate_link_service.go:420.92,422.2 1 0
protected_link/internal/modules/link_generation/utils/shortcode.go:13.43,16.22 3 1
protected_link/internal/modules/link_generation/utils/shortcode.go:16.22,18.3 1 1
protected_link/internal/modules/link_generation/utils/shortcode.go:19.2,19.21 1 1
protected_link/internal/modules/link_generation/utils/shortcode.go:22.89,25.16 2 1
protected_link/internal/modules/link_generation/utils/shortcode.go:25.16,27.3 1 1
protected_link/internal/modules/link_generation/utils/shortcode.go:30.2,31.56 2 1
protected_link/internal/modules/link_generation/utils/shortcode.go:31.56,33.3 1 0
protected_link/internal/modules/link_generation/utils/shortcode.go:35.2,35.22 1 1
protected_link/internal/modules/link_generation/utils/shortcode.go:38.54,40.16 2 1
protected_link/internal/modules/link_generation/utils/shortcode.go:40.16,42.3 1 1
protected_link/internal/modules/link_generation/utils/shortcode.go:43.2,43.45 1 1
